Component: ARM Compiler 5.06 update 7 (build 960) Tool: armlink [4d3601]

==============================================================================

Section Cross References

    main.o(i.SystemClock_Config) refers to rt_memclr_w.o(.text) for __aeabi_memclr4
    main.o(i.SystemClock_Config) refers to stm32f4xx_hal_rcc.o(i.HAL_RCC_OscConfig) for HAL_RCC_OscConfig
    main.o(i.SystemClock_Config) refers to main.o(i.Error_Handler) for Error_Handler
    main.o(i.SystemClock_Config) refers to stm32f4xx_hal_rcc.o(i.HAL_RCC_ClockConfig) for HAL_RCC_ClockConfig
    main.o(i.main) refers to stm32f4xx_hal.o(i.HAL_Init) for HAL_Init
    main.o(i.main) refers to main.o(i.SystemClock_Config) for SystemClock_Config
    main.o(i.main) refers to gpio.o(i.MX_GPIO_Init) for MX_GPIO_Init
    main.o(i.main) refers to i2c.o(i.MX_I2C1_Init) for MX_I2C1_Init
    main.o(i.main) refers to oled.o(i.control_init) for control_init
    main.o(i.main) refers to freertos.o(i.MX_FREERTOS_Init) for MX_FREERTOS_Init
    main.o(i.main) refers to cmsis_os.o(i.osKernelStart) for osKernelStart
    gpio.o(i.MX_GPIO_Init) refers to rt_memclr_w.o(.text) for __aeabi_memclr4
    gpio.o(i.MX_GPIO_Init) refers to stm32f4xx_hal_gpio.o(i.HAL_GPIO_WritePin) for HAL_GPIO_WritePin
    gpio.o(i.MX_GPIO_Init) refers to stm32f4xx_hal_gpio.o(i.HAL_GPIO_Init) for HAL_GPIO_Init
    freertos.o(i.MX_FREERTOS_Init) refers to rt_memcpy_w.o(.text) for __aeabi_memcpy4
    freertos.o(i.MX_FREERTOS_Init) refers to cmsis_os.o(i.osThreadCreate) for osThreadCreate
    freertos.o(i.MX_FREERTOS_Init) refers to freertos.o(.constdata) for .constdata
    freertos.o(i.MX_FREERTOS_Init) refers to freertos.o(.data) for .data
    freertos.o(i.test_tack) refers to cmsis_os.o(i.osDelay) for osDelay
    freertos.o(i.test_tack) refers to stm32f4xx_hal_gpio.o(i.HAL_GPIO_TogglePin) for HAL_GPIO_TogglePin
    freertos.o(i.vApplicationGetIdleTaskMemory) refers to freertos.o(.bss) for .bss
    freertos.o(i.vApplicationGetTimerTaskMemory) refers to freertos.o(.bss) for .bss
    freertos.o(.constdata) refers to freertos.o(.conststring) for .conststring
    freertos.o(.constdata) refers to freertos.o(i.test_tack) for test_tack
    freertos.o(.constdata) refers to oled.o(i.Oled_Refresh_tack) for Oled_Refresh_tack
    freertos.o(.constdata) refers to oled.o(i.Oled_show_tack) for Oled_show_tack
    i2c.o(i.HAL_I2C_MspDeInit) refers to stm32f4xx_hal_gpio.o(i.HAL_GPIO_DeInit) for HAL_GPIO_DeInit
    i2c.o(i.HAL_I2C_MspInit) refers to rt_memclr_w.o(.text) for __aeabi_memclr4
    i2c.o(i.HAL_I2C_MspInit) refers to stm32f4xx_hal_gpio.o(i.HAL_GPIO_Init) for HAL_GPIO_Init
    i2c.o(i.MX_I2C1_Init) refers to stm32f4xx_hal_i2c.o(i.HAL_I2C_Init) for HAL_I2C_Init
    i2c.o(i.MX_I2C1_Init) refers to main.o(i.Error_Handler) for Error_Handler
    i2c.o(i.MX_I2C1_Init) refers to i2c.o(.bss) for .bss
    stm32f4xx_it.o(i.HardFault_Handler) refers to stm32f4xx_hal_gpio.o(i.HAL_GPIO_WritePin) for HAL_GPIO_WritePin
    stm32f4xx_it.o(i.SysTick_Handler) refers to stm32f4xx_hal.o(i.HAL_IncTick) for HAL_IncTick
    stm32f4xx_it.o(i.SysTick_Handler) refers to tasks.o(i.xTaskGetSchedulerState) for xTaskGetSchedulerState
    stm32f4xx_it.o(i.SysTick_Handler) refers to port.o(i.xPortSysTickHandler) for xPortSysTickHandler
    stm32f4xx_hal_msp.o(i.HAL_MspInit) refers to stm32f4xx_hal_cortex.o(i.HAL_NVIC_SetPriority) for HAL_NVIC_SetPriority
    oled.o(i.Display_OFF) refers to oled.o(.bss) for .bss
    oled.o(i.Display_ON) refers to oled.o(.bss) for .bss
    oled.o(i.DrawCircle) refers to oled.o(.bss) for .bss
    oled.o(i.DrawLine) refers to oled.o(.bss) for .bss
    oled.o(i.DrawPoint) refers to oled.o(.bss) for .bss
    oled.o(i.DrawRectangle) refers to oled.o(.bss) for .bss
    oled.o(i.I2C_Write) refers to stm32f4xx_hal_i2c.o(i.HAL_I2C_Mem_Write) for HAL_I2C_Mem_Write
    oled.o(i.I2C_Write) refers to i2c.o(.bss) for hi2c1
    oled.o(i.Oled_Refresh_tack) refers to oled.o(i.oled_init) for oled_init
    oled.o(i.Oled_Refresh_tack) refers to oled.o(i.rotate) for rotate
    oled.o(i.Oled_Refresh_tack) refers to cmsis_os.o(i.osDelay) for osDelay
    oled.o(i.Oled_Refresh_tack) refers to oled.o(.constdata) for .constdata
    oled.o(i.Oled_Refresh_tack) refers to oled.o(.bss) for .bss
    oled.o(i.Oled_show_tack) refers to cmsis_os.o(i.osDelay) for osDelay
    oled.o(i.Refresh_Gram) refers to oled.o(.bss) for .bss
    oled.o(i.Set_Pos) refers to oled.o(.bss) for .bss
    oled.o(i.control_init) refers to oled.o(i.I2C_Write) for I2C_Write
    oled.o(i.control_init) refers to oled.o(.bss) for .bss
    oled.o(i.control_init) refers to oled.o(i.Refresh_Gram) for Refresh_Gram
    oled.o(i.control_init) refers to oled.o(i.Set_Pos) for Set_Pos
    oled.o(i.control_init) refers to oled.o(i.Display_ON) for Display_ON
    oled.o(i.control_init) refers to oled.o(i.Display_OFF) for Display_OFF
    oled.o(i.control_init) refers to oled.o(i.DrawPoint) for DrawPoint
    oled.o(i.control_init) refers to oled.o(i.fill) for fill
[...]
    .ARM.Collect$$libinit$$00000021          0x08000202   Section        0  libinit2.o(.ARM.Collect$$libinit$$00000021)
    .ARM.Collect$$libinit$$00000023          0x08000202   Section        0  libinit2.o(.ARM.Collect$$libinit$$00000023)
    .ARM.Collect$$libinit$$00000025          0x08000202   Section        0  libinit2.o(.ARM.Collect$$libinit$$00000025)
    .ARM.Collect$$libinit$$0000002C          0x08000202   Section        0  libinit2.o(.ARM.Collect$$libinit$$0000002C)
    .ARM.Collect$$libinit$$0000002E          0x08000202   Section        0  libinit2.o(.ARM.Collect$$libinit$$0000002E)
    .ARM.Collect$$libinit$$00000030          0x08000202   Section        0  libinit2.o(.ARM.Collect$$libinit$$00000030)
    .ARM.Collect$$libinit$$00000032          0x08000202   Section        0  libinit2.o(.ARM.Collect$$libinit$$00000032)
    .ARM.Collect$$libinit$$00000033          0x08000202   Section        2  libinit2.o(.ARM.Collect$$libinit$$00000033)
    .ARM.Collect$$libshutdown$$00000000      0x08000204   Section        2  libshutdown.o(.ARM.Collect$$libshutdown$$00000000)
    .ARM.Collect$$libshutdown$$00000002      0x08000206   Section        0  libshutdown2.o(.ARM.Collect$$libshutdown$$00000002)
    .ARM.Collect$$libshutdown$$00000004      0x08000206   Section        0  libshutdown2.o(.ARM.Collect$$libshutdown$$00000004)
    .ARM.Collect$$libshutdown$$00000006      0x08000206   Section        0  libshutdown2.o(.ARM.Collect$$libshutdown$$00000006)
    .ARM.Collect$$libshutdown$$00000009      0x08000206   Section        0  libshutdown2.o(.ARM.Collect$$libshutdown$$00000009)
    .ARM.Collect$$libshutdown$$0000000C      0x08000206   Section        0  libshutdown2.o(.ARM.Collect$$libshutdown$$0000000C)
    .ARM.Collect$$libshutdown$$0000000E      0x08000206   Section        0  libshutdown2.o(.ARM.Collect$$libshutdown$$0000000E)
    .ARM.Collect$$libshutdown$$00000011      0x08000206   Section        0  libshutdown2.o(.ARM.Collect$$libshutdown$$00000011)
    .ARM.Collect$$libshutdown$$00000012      0x08000206   Section        2  libshutdown2.o(.ARM.Collect$$libshutdown$$00000012)
    .ARM.Collect$$rtentry$$00000000          0x08000208   Section        0  __rtentry.o(.ARM.Collect$$rtentry$$00000000)
    .ARM.Collect$$rtentry$$00000002          0x08000208   Section        0  __rtentry2.o(.ARM.Collect$$rtentry$$00000002)
    .ARM.Collect$$rtentry$$00000004          0x08000208   Section        6  __rtentry4.o(.ARM.Collect$$rtentry$$00000004)
    .ARM.Collect$$rtentry$$00000009          0x0800020e   Section        0  __rtentry2.o(.ARM.Collect$$rtentry$$00000009)
    .ARM.Collect$$rtentry$$0000000A          0x0800020e   Section        4  __rtentry2.o(.ARM.Collect$$rtentry$$0000000A)
    .ARM.Collect$$rtentry$$0000000C          0x08000212   Section        0  __rtentry2.o(.ARM.Collect$$rtentry$$0000000C)
    .ARM.Collect$$rtentry$$0000000D          0x08000212   Section        8  __rtentry2.o(.ARM.Collect$$rtentry$$0000000D)
    .ARM.Collect$$rtexit$$00000000           0x0800021a   Section        2  rtexit.o(.ARM.Collect$$rtexit$$00000000)
    .ARM.Collect$$rtexit$$00000002           0x0800021c   Section        0  rtexit2.o(.ARM.Collect$$rtexit$$00000002)
    .ARM.Collect$$rtexit$$00000003           0x0800021c   Section        4  rtexit2.o(.ARM.Collect$$rtexit$$00000003)
    .ARM.Collect$$rtexit$$00000004           0x08000220   Section        6  rtexit2.o(.ARM.Collect$$rtexit$$00000004)
    .emb_text                                0x08000228   Section      190  port.o(.emb_text)
    $v0                                      0x08000228   Number         0  port.o(.emb_text)
    .text                                    0x080002e8   Section       64  startup_stm32f407xx.o(.text)
    $v0                                      0x080002e8   Number         0  startup_stm32f407xx.o(.text)
    .text                                    0x08000328   Section        0  arm_cos_f32.o(.text)
    .text                                    0x080003a0   Section        0  arm_sin_f32.o(.text)
    .text                                    0x08000434   Section      238  lludivv7m.o(.text)
    .text                                    0x08000522   Section      138  rt_memcpy_v6.o(.text)
    .text                                    0x080005ac   Section      100  rt_memcpy_w.o(.text)
    .text                                    0x08000610   Section       16  aeabi_memset.o(.text)
    .text                                    0x08000620   Section       78  rt_memclr_w.o(.text)
    .text                                    0x0800066e   Section        0  heapauxi.o(.text)
    .text                                    0x08000674   Section       68  rt_memclr.o(.text)
    .text                                    0x080006b8   Section       74  sys_stackheap_outer.o(.text)
    .text                                    0x08000702   Section        0  exit.o(.text)
    .text                                    0x08000714   Section        8  libspace.o(.text)
    .text                                    0x0800071c   Section        0  sys_exit.o(.text)
    .text                                    0x08000728   Section        2  use_no_semi.o(.text)
    .text                                    0x0800072a   Section        0  indicate_semi.o(.text)
    i.BusFault_Handler                       0x0800072a   Section        0  stm32f4xx_it.o(i.BusFault_Handler)
    i.DebugMon_Handler                       0x0800072c   Section        0  stm32f4xx_it.o(i.DebugMon_Handler)
    i.Display_OFF                            0x08000730   Section        0  oled.o(i.Display_OFF)
    Display_OFF                              0x08000731   Thumb Code    34  oled.o(i.Display_OFF)
    i.Display_ON                             0x08000758   Section        0  oled.o(i.Display_ON)
    Display_ON                               0x08000759   Thumb Code    34  oled.o(i.Display_ON)
    i.DrawCircle                             0x08000780   Section        0  oled.o(i.DrawCircle)
    DrawCircle                               0x08000781   Thumb Code   210  oled.o(i.DrawCircle)
    i.DrawLine                               0x08000858   Section        0  oled.o(i.DrawLine)
    DrawLine                                 0x08000859   Thumb Code   196  oled.o(i.DrawLine)
    i.DrawPoint                              0x08000920   Section        0  oled.o(i.DrawPoint)
    DrawPoint                                0x08000921   Thumb Code    56  oled.o(i.DrawPoint)
    i.DrawRectangle                          0x0800095c   Section        0  oled.o(i.DrawRectangle)
    DrawRectangle                            0x0800095d   Thumb Code    76  oled.o(i.DrawRectangle)
    i.Error_Handler                          0x080009ac   Section        0  main.o(i.Error_Handler)
    i.HAL_Delay                              0x080009b0   Section        0  stm32f4xx_hal.o(i.HAL_Delay)
    i.HAL_GPIO_Init                          0x080009d4   Section        0  stm32f4xx_hal_gpio.o(i.HAL_GPIO_Init)
    i.HAL_GPIO_TogglePin                     0x08000ba4   Section        0  stm32f4xx_hal_gpio.o(i.HAL_GPIO_TogglePin)
    i.HAL_GPIO_WritePin                      0x08000bb4   Section        0  stm32f4xx_hal_gpio.o(i.HAL_GPIO_WritePin)
    i.HAL_GetTick                            0x08000bc4   Section        0  stm32f4xx_hal.o(i.HAL_GetTick)
    i.HAL_I2C_Init                           0x08000bd0   Section        0  stm32f4xx_hal_i2c.o(i.HAL_I2C_Init)
    i.HAL_I2C_Mem_Write                      0x08000d68   Section        0  stm32f4xx_hal_i2c.o(i.HAL_I2C_Mem_Write)
    i.HAL_I2C_MspInit                        0x08000eac   Section        0  i2c.o(i.HAL_I2C_MspInit)
    i.HAL_IncTick                            0x08000f18   Section        0  stm32f4xx_hal.o(i.HAL_IncTick)
    i.HAL_Init                               0x08000f28   Section        0  stm32f4xx_hal.o(i.HAL_Init)
    i.HAL_InitTick                           0x08000f5c   Section        0  stm32f4xx_hal.o(i.HAL_InitTick)
    i.HAL_MspInit                            0x08000fa0   Section        0  stm32f4xx_hal_msp.o(i.HAL_MspInit)
    i.HAL_NVIC_SetPriority                   0x08000fd8   Section        0  stm32f4xx_hal_cortex.o(i.HAL_NVIC_SetPriority)
    i.HAL_NVIC_SetPriorityGrouping           0x08001018   Section        0  stm32f4xx_hal_cortex.o(i.HAL_NVIC_SetPriorityGrouping)
    i.HAL_RCC_ClockConfig                    0x0800103c   Section        0  stm32f4xx_hal_rcc.o(i.HAL_RCC_ClockConfig)
    i.HAL_RCC_GetHCLKFreq                    0x08001188   Section        0  stm32f4xx_hal_rcc.o(i.HAL_RCC_GetHCLKFreq)
    i.HAL_RCC_GetPCLK1Freq                   0x08001194   Section        0  stm32f4xx_hal_rcc.o(i.HAL_RCC_GetPCLK1Freq)
    i.HAL_RCC_GetSysClockFreq                0x080011b4   Section        0  stm32f4xx_hal_rcc.o(i.HAL_RCC_GetSysClockFreq)
    i.HAL_RCC_OscConfig                      0x0800121c   Section        0  stm32f4xx_hal_rcc.o(i.HAL_RCC_OscConfig)
    i.HAL_SYSTICK_Config                     0x080015dc   Section        0  stm32f4xx_hal_cortex.o(i.HAL_SYSTICK_Config)
    i.HardFault_Handler                      0x08001604   Section        0  stm32f4xx_it.o(i.HardFault_Handler)
    i.I2C_IsAcknowledgeFailed                0x0800161c   Section        0  stm32f4xx_hal_i2c.o(i.I2C_IsAcknowledgeFailed)
    I2C_IsAcknowledgeFailed                  0x0800161d   Thumb Code    46  stm32f4xx_hal_i2c.o(i.I2C_IsAcknowledgeFailed)
    i.I2C_RequestMemoryWrite                 0x0800164c   Section        0  stm32f4xx_hal_i2c.o(i.I2C_RequestMemoryWrite)
    I2C_RequestMemoryWrite                   0x0800164d   Thumb Code   192  stm32f4xx_hal_i2c.o(i.I2C_RequestMemoryWrite)
    i.I2C_WaitOnBTFFlagUntilTimeout          0x08001710   Section        0  stm32f4xx_hal_i2c.o(i.I2C_WaitOnBTFFlagUntilTimeout)
    I2C_WaitOnBTFFlagUntilTimeout            0x08001711   Thumb Code    78  stm32f4xx_hal_i2c.o(i.I2C_WaitOnBTFFlagUntilTimeout)
    i.I2C_WaitOnFlagUntilTimeout             0x0800175e   Section        0  stm32f4xx_hal_i2c.o(i.I2C_WaitOnFlagUntilTimeout)
    I2C_WaitOnFlagUntilTimeout               0x0800175f   Thumb Code   122  stm32f4xx_hal_i2c.o(i.I2C_WaitOnFlagUntilTimeout)
    i.I2C_WaitOnMasterAddressFlagUntilTimeout 0x080017d8   Section        0  stm32f4xx_hal_i2c.o(i.I2C_WaitOnMasterAddressFlagUntilTimeout)
    I2C_WaitOnMasterAddressFlagUntilTimeout  0x080017d9   Thumb Code   168  stm32f4xx_hal_i2c.o(i.I2C_WaitOnMasterAddressFlagUntilTimeout)
    i.I2C_WaitOnTXEFlagUntilTimeout          0x08001880   Section        0  stm32f4xx_hal_i2c.o(i.I2C_WaitOnTXEFlagUntilTimeout)
    I2C_WaitOnTXEFlagUntilTimeout            0x08001881   Thumb Code    78  stm32f4xx_hal_i2c.o(i.I2C_WaitOnTXEFlagUntilTimeout)
    i.I2C_Write                              0x080018d0   Section        0  oled.o(i.I2C_Write)
    I2C_Write                                0x080018d1   Thumb Code    22  oled.o(i.I2C_Write)
    i.MX_FREERTOS_Init                       0x080018ec   Section        0  freertos.o(i.MX_FREERTOS_Init)
    i.MX_GPIO_Init                           0x08001940   Section        0  gpio.o(i.MX_GPIO_Init)
    i.MX_I2C1_Init                           0x080019c0   Section        0  i2c.o(i.MX_I2C1_Init)
    i.MemManage_Handler                      0x08001a00   Section        0  stm32f4xx_it.o(i.MemManage_Handler)
    i.NMI_Handler                            0x08001a02   Section        0  stm32f4xx_it.o(i.NMI_Handler)
    i.Oled_Refresh_tack                      0x08001a04   Section        0  oled.o(i.Oled_Refresh_tack)
    i.Oled_show_tack                         0x08001b58   Section        0  oled.o(i.Oled_show_tack)
    i.Refresh_Gram                           0x08001b60   Section        0  oled.o(i.Refresh_Gram)
    Refresh_Gram                             0x08001b61   Thumb Code    56  oled.o(i.Refresh_Gram)
    i.Set_Pos                                0x08001ba0   Section        0  oled.o(i.Set_Pos)
    Set_Pos                                  0x08001ba1   Thumb Code    40  oled.o(i.Set_Pos)
    i.SysTick_Handler                        0x08001bcc   Section        0  stm32f4xx_it.o(i.SysTick_Handler)
    i.SystemClock_Config                     0x08001be4   Section        0  main.o(i.SystemClock_Config)
    i.SystemInit                             0x08001c78   Section        0  system_stm32f4xx.o(i.SystemInit)
    i.UsageFault_Handler                     0x08001c88   Section        0  stm32f4xx_it.o(i.UsageFault_Handler)
    i.__NVIC_SetPriority                     0x08001c8a   Section        0  stm32f4xx_hal_cortex.o(i.__NVIC_SetPriority)
    __NVIC_SetPriority                       0x08001c8b   Thumb Code    32  stm32f4xx_hal_cortex.o(i.__NVIC_SetPriority)
    i.control_init                           0x08001cac   Section        0  oled.o(i.control_init)
    i.fill                                   0x08001d04   Section        0  oled.o(i.fill)
    fill                                     0x08001d05   Thumb Code    54  oled.o(i.fill)
    i.main                                   0x08001d40   Section        0  main.o(i.main)
    i.makeFreeRtosPriority                   0x08001d5e   Section        0  cmsis_os.o(i.makeFreeRtosPriority)
    makeFreeRtosPriority                     0x08001d5f   Thumb Code    12  cmsis_os.o(i.makeFreeRtosPriority)
    i.oled_init                              0x08001d6c   Section        0  oled.o(i.oled_init)
    oled_init                                0x08001d6d   Thumb Code    52  oled.o(i.oled_init)
    i.osDelay                                0x08001dbc   Section        0  cmsis_os.o(i.osDelay)
    i.osKernelStart                          0x08001dcc   Section        0  cmsis_os.o(i.osKernelStart)
    i.osThreadCreate                         0x08001dd6   Section        0  cmsis_os.o(i.osThreadCreate)
    i.prvAddCurrentTaskToDelayedList         0x08001e30   Section        0  tasks.o(i.prvAddCurrentTaskToDelayedList)
    prvAddCurrentTaskToDelayedList           0x08001e31   Thumb Code   112  tasks.o(i.prvAddCurrentTaskToDelayedList)
    i.prvAddNewTaskToReadyList               0x08001ea8   Section        0  tasks.o(i.prvAddNewTaskToReadyList)
    prvAddNewTaskToReadyList                 0x08001ea9   Thumb Code   124  tasks.o(i.prvAddNewTaskToReadyList)
    i.prvCheckForValidListAndQueue           0x08001f30   Section        0  timers.o(i.prvCheckForValidListAndQueue)
    prvCheckForValidListAndQueue             0x08001f31   Thumb Code    72  timers.o(i.prvCheckForValidListAndQueue)
    i.prvCheckTasksWaitingTermination        0x08001f88   Section        0  tasks.o(i.prvCheckTasksWaitingTermination)
    prvCheckTasksWaitingTermination          0x08001f89   Thumb Code    52  tasks.o(i.prvCheckTasksWaitingTermination)
    i.prvCopyDataFromQueue                   0x08001fc4   Section        0  queue.o(i.prvCopyDataFromQueue)
    prvCopyDataFromQueue                     0x08001fc5   Thumb Code    40  queue.o(i.prvCopyDataFromQueue)
    i.prvCopyDataToQueue                     0x08001fec   Section        0  queue.o(i.prvCopyDataToQueue)
    prvCopyDataToQueue                       0x08001fed   Thumb Code   110  queue.o(i.prvCopyDataToQueue)
    i.prvDeleteTCB                           0x0800205a   Section        0  tasks.o(i.prvDeleteTCB)
    prvDeleteTCB                             0x0800205b   Thumb Code    64  tasks.o(i.prvDeleteTCB)
    i.prvGetNextExpireTime                   0x0800209c   Section        0  timers.o(i.prvGetNextExpireTime)
    prvGetNextExpireTime                     0x0800209d   Thumb Code    30  timers.o(i.prvGetNextExpireTime)
    i.prvHeapInit                            0x080020c0   Section        0  heap_4.o(i.prvHeapInit)
    prvHeapInit                              0x080020c1   Thumb Code    68  heap_4.o(i.prvHeapInit)
    i.prvIdleTask                            0x0800210c   Section        0  tasks.o(i.prvIdleTask)
    prvIdleTask                              0x0800210d   Thumb Code    30  tasks.o(i.prvIdleTask)
    i.prvInitialiseNewQueue                  0x08002134   Section        0  queue.o(i.prvInitialiseNewQueue)
    prvInitialiseNewQueue                    0x08002135   Thumb Code    24  queue.o(i.prvInitialiseNewQueue)
    i.prvInitialiseNewTask                   0x0800214c   Section        0  tasks.o(i.prvInitialiseNewTask)
    prvInitialiseNewTask                     0x0800214d   Thumb Code   172  tasks.o(i.prvInitialiseNewTask)
    i.prvInitialiseTaskLists                 0x080021f8   Section        0  tasks.o(i.prvInitialiseTaskLists)
    prvInitialiseTaskLists                   0x080021f9   Thumb Code    78  tasks.o(i.prvInitialiseTaskLists)
    i.prvInsertBlockIntoFreeList             0x08002250   Section        0  heap_4.o(i.prvInsertBlockIntoFreeList)
    prvInsertBlockIntoFreeList               0x08002251   Thumb Code    78  heap_4.o(i.prvInsertBlockIntoFreeList)
    i.prvInsertTimerInActiveList             0x080022a4   Section        0  timers.o(i.prvInsertTimerInActiveList)
    prvInsertTimerInActiveList               0x080022a5   Thumb Code    60  timers.o(i.prvInsertTimerInActiveList)
    i.prvIsQueueEmpty                        0x080022e4   Section        0  queue.o(i.prvIsQueueEmpty)
    prvIsQueueEmpty                          0x080022e5   Thumb Code    26  queue.o(i.prvIsQueueEmpty)
    i.prvIsQueueFull                         0x080022fe   Section        0  queue.o(i.prvIsQueueFull)
    prvIsQueueFull                           0x080022ff   Thumb Code    30  queue.o(i.prvIsQueueFull)
    i.prvProcessExpiredTimer                 0x0800231c   Section        0  timers.o(i.prvProcessExpiredTimer)
    prvProcessExpiredTimer                   0x0800231d   Thumb Code    98  timers.o(i.prvProcessExpiredTimer)
    i.prvProcessReceivedCommands             0x08002384   Section        0  timers.o(i.prvProcessReceivedCommands)
    prvProcessReceivedCommands               0x08002385   Thumb Code   248  timers.o(i.prvProcessReceivedCommands)
    i.prvProcessTimerOrBlockTask             0x08002480   Section        0  timers.o(i.prvProcessTimerOrBlockTask)
    prvProcessTimerOrBlockTask               0x08002481   Thumb Code   100  timers.o(i.prvProcessTimerOrBlockTask)
    i.prvResetNextTaskUnblockTime            0x080024ec   Section        0  tasks.o(i.prvResetNextTaskUnblockTime)
    prvResetNextTaskUnblockTime              0x080024ed   Thumb Code    30  tasks.o(i.prvResetNextTaskUnblockTime)
    i.prvSampleTimeNow                       0x08002510   Section        0  timers.o(i.prvSampleTimeNow)
    prvSampleTimeNow                         0x08002511   Thumb Code    38  timers.o(i.prvSampleTimeNow)
    i.prvSwitchTimerLists                    0x0800253c   Section        0  timers.o(i.prvSwitchTimerLists)
    prvSwitchTimerLists                      0x0800253d   Thumb Code   106  timers.o(i.prvSwitchTimerLists)
    i.prvTaskExitError                       0x080025ac   Section        0  port.o(i.prvTaskExitError)
    prvTaskExitError                         0x080025ad   Thumb Code    40  port.o(i.prvTaskExitError)
    i.prvTimerTask                           0x080025d8   Section        0  timers.o(i.prvTimerTask)
    prvTimerTask                             0x080025d9   Thumb Code    20  timers.o(i.prvTimerTask)
    i.prvUnlockQueue                         0x080025ec   Section        0  queue.o(i.prvUnlockQueue)
    prvUnlockQueue                           0x080025ed   Thumb Code   106  queue.o(i.prvUnlockQueue)
    i.pvPortMalloc                           0x08002658   Section        0  heap_4.o(i.pvPortMalloc)
    i.pxPortInitialiseStack                  0x08002734   Section        0  port.o(i.pxPortInitialiseStack)
    i.rotate                                 0x08002758   Section        0  oled.o(i.rotate)
    rotate                                   0x08002759   Thumb Code   152  oled.o(i.rotate)
    i.test_tack                              0x080027f0   Section        0  freertos.o(i.test_tack)
    i.uxListRemove                           0x08002810   Section        0  list.o(i.uxListRemove)
    i.vApplicationGetIdleTaskMemory          0x08002838   Section        0  freertos.o(i.vApplicationGetIdleTaskMemory)
    i.vApplicationGetTimerTaskMemory         0x0800284c   Section        0  freertos.o(i.vApplicationGetTimerTaskMemory)
    i.vListInitialise                        0x08002864   Section        0  list.o(i.vListInitialise)
    i.vListInitialiseItem                    0x0800287a   Section        0  list.o(i.vListInitialiseItem)
    i.vListInsert                            0x08002880   Section        0  list.o(i.vListInsert)
    i.vListInsertEnd                         0x080028b0   Section        0  list.o(i.vListInsertEnd)
    i.vPortEnterCritical                     0x080028c8   Section        0  port.o(i.vPortEnterCritical)
    i.vPortExitCritical                      0x08002908   Section        0  port.o(i.vPortExitCritical)
    i.vPortFree                              0x08002934   Section        0  heap_4.o(i.vPortFree)
    i.vPortSetupTimerInterrupt               0x08002998   Section        0  port.o(i.vPortSetupTimerInterrupt)
    i.vPortValidateInterruptPriority         0x080029bc   Section        0  port.o(i.vPortValidateInterruptPriority)
    i.vQueueAddToRegistry                    0x08002a10   Section        0  queue.o(i.vQueueAddToRegistry)
    i.vQueueWaitForMessageRestricted         0x08002a34   Section        0  queue.o(i.vQueueWaitForMessageRestricted)
    i.vTaskDelay                             0x08002a7c   Section        0  tasks.o(i.vTaskDelay)
    i.vTaskInternalSetTimeOutState           0x08002acc   Section        0  tasks.o(i.vTaskInternalSetTimeOutState)
    i.vTaskMissedYield                       0x08002adc   Section        0  tasks.o(i.vTaskMissedYield)
    i.vTaskPlaceOnEventList                  0x08002ae8   Section        0  tasks.o(i.vTaskPlaceOnEventList)
    i.vTaskPlaceOnEventListRestricted        0x08002b1c   Section        0  tasks.o(i.vTaskPlaceOnEventListRestricted)
    i.vTaskStartScheduler                    0x08002b58   Section        0  tasks.o(i.vTaskStartScheduler)
    i.vTaskSuspendAll                        0x08002be8   Section        0  tasks.o(i.vTaskSuspendAll)
    i.vTaskSwitchContext                     0x08002bf8   Section        0  tasks.o(i.vTaskSwitchContext)
    i.xPortStartScheduler                    0x08002c58   Section        0  port.o(i.xPortStartScheduler)
    i.xPortSysTickHandler                    0x08002d4c   Section        0  port.o(i.xPortSysTickHandler)
    i.xQueueGenericCreateStatic              0x08002d78   Section        0  queue.o(i.xQueueGenericCreateStatic)
    i.xQueueGenericReset                     0x08002de4   Section        0  queue.o(i.xQueueGenericReset)
    i.xQueueGenericSend                      0x08002e70   Section        0  queue.o(i.xQueueGenericSend)
    i.xQueueGenericSendFromISR               0x08002fd4   Section        0  queue.o(i.xQueueGenericSendFromISR)
    i.xQueueReceive                          0x08003094   Section        0  queue.o(i.xQueueReceive)
    i.xTaskCheckForTimeOut                   0x080031d0   Section        0  tasks.o(i.xTaskCheckForTimeOut)
    i.xTaskCreate                            0x08003260   Section        0  tasks.o(i.xTaskCreate)
    i.xTaskCreateStatic                      0x080032c4   Section        0  tasks.o(i.xTaskCreateStatic)
    i.xTaskGetSchedulerState                 0x08003320   Section        0  tasks.o(i.xTaskGetSchedulerState)
    i.xTaskGetTickCount                      0x0800333c   Section        0  tasks.o(i.xTaskGetTickCount)
    i.xTaskIncrementTick                     0x08003348   Section        0  tasks.o(i.xTaskIncrementTick)
    i.xTaskPriorityDisinherit                0x08003418   Section        0  tasks.o(i.xTaskPriorityDisinherit)
    i.xTaskRemoveFromEventList               0x080034b0   Section        0  tasks.o(i.xTaskRemoveFromEventList)
    i.xTaskResumeAll                         0x0800352c   Section        0  tasks.o(i.xTaskResumeAll)
    i.xTimerCreateTimerTask                  0x080035f8   Section        0  timers.o(i.xTimerCreateTimerTask)
    i.xTimerGenericCommand                   0x08003660   Section        0  timers.o(i.xTimerGenericCommand)
    x$fpl$fpinit                             0x080036cc   Section       10  fpinit.o(x$fpl$fpinit)
    $v0                                      0x080036cc   Number         0  fpinit.o(x$fpl$fpinit)
    .constdata                               0x080036d8   Section       84  freertos.o(.constdata)
    .constdata                               0x0800372c   Section      192  oled.o(.constdata)
    .constdata                               0x080037ec   Section       16  system_stm32f4xx.o(.constdata)
    .constdata                               0x080037fc   Section        8  system_stm32f4xx.o(.constdata)
    .constdata                               0x08003804   Section     2052  arm_common_tables.o(.constdata)
    .conststring                             0x08004008   Section       34  freertos.o(.conststring)
    .data                                    0x20000000   Section       12  freertos.o(.data)
    .data                                    0x2000000c   Section       12  stm32f4xx_hal.o(.data)
    .data                                    0x20000018   Section        4  system_stm32f4xx.o(.data)
    .data                                    0x2000001c   Section       60  tasks.o(.data)
    uxDeletedTasksWaitingCleanUp             0x20000020   Data           4  tasks.o(.data)
    uxCurrentNumberOfTasks                   0x20000024   Data           4  tasks.o(.data)
    xTickCount                               0x20000028   Data           4  tasks.o(.data)
    uxTopReadyPriority                       0x2000002c   Data           4  tasks.o(.data)
    xSchedulerRunning                        0x20000030   Data           4  tasks.o(.data)
    xPendedTicks                             0x20000034   Data           4  tasks.o(.data)
    xYieldPending                            0x20000038   Data           4  tasks.o(.data)
    xNumOfOverflows                          0x2000003c   Data           4  tasks.o(.data)
    uxTaskNumber                             0x20000040   Data           4  tasks.o(.data)
    xNextTaskUnblockTime                     0x20000044   Data           4  tasks.o(.data)
    xIdleTaskHandle                          0x20000048   Data           4  tasks.o(.data)
    uxSchedulerSuspended                     0x2000004c   Data           4  tasks.o(.data)
    pxDelayedTaskList                        0x20000050   Data           4  tasks.o(.data)
    pxOverflowDelayedTaskList                0x20000054   Data           4  tasks.o(.data)
    .data                                    0x20000058   Section       20  timers.o(.data)
    xTimerQueue                              0x20000058   Data           4  timers.o(.data)
    xTimerTaskHandle                         0x2000005c   Data           4  timers.o(.data)
    xLastTime                                0x20000060   Data           4  timers.o(.data)
    pxCurrentTimerList                       0x20000064   Data           4  timers.o(.data)
    pxOverflowTimerList                      0x20000068   Data           4  timers.o(.data)
    .data                                    0x2000006c   Section       32  heap_4.o(.data)
    pxEnd                                    0x2000006c   Data           4  heap_4.o(.data)
    xFreeBytesRemaining                      0x20000070   Data           4  heap_4.o(.data)
    xMinimumEverFreeBytesRemaining           0x20000074   Data           4  heap_4.o(.data)
    xNumberOfSuccessfulAllocations           0x20000078   Data           4  heap_4.o(.data)
    xNumberOfSuccessfulFrees                 0x2000007c   Data           4  heap_4.o(.data)
    xBlockAllocatedBit                       0x20000080   Data           4  heap_4.o(.data)
    xStart                                   0x20000084   Data           8  heap_4.o(.data)
    .data                                    0x2000008c   Section       12  port.o(.data)
    ucMaxSysCallPriority                     0x2000008c   Data           1  port.o(.data)
    uxCriticalNesting                        0x20000090   Data           4  port.o(.data)
    ulMaxPRIGROUPValue                       0x20000094   Data           4  port.o(.data)
    .bss                                     0x20000098   Section     1704  freertos.o(.bss)
    xIdleTaskTCBBuffer                       0x20000098   Data          84  freertos.o(.bss)
    xIdleStack                               0x200000ec   Data         512  freertos.o(.bss)
    xTimerTaskTCBBuffer                      0x200002ec   Data          84  freertos.o(.bss)
    xTimerStack                              0x20000340   Data        1024  freertos.o(.bss)
    .bss                                     0x20000740   Section       84  i2c.o(.bss)
    .bss                                     0x20000794   Section      552  oled.o(.bss)
    .bss                                     0x200009bc   Section       64  queue.o(.bss)
    .bss                                     0x200009fc   Section      240  tasks.o(.bss)
    pxReadyTasksLists                        0x200009fc   Data         140  tasks.o(.bss)
    xDelayedTaskList1                        0x20000a88   Data          20  tasks.o(.bss)
    xDelayedTaskList2                        0x20000a9c   Data          20  tasks.o(.bss)
    xPendingReadyList                        0x20000ab0   Data          20  tasks.o(.bss)
    xTasksWaitingTermination                 0x20000ac4   Data          20  tasks.o(.bss)
    xSuspendedTaskList                       0x20000ad8   Data          20  tasks.o(.bss)
    .bss                                     0x20000aec   Section      272  timers.o(.bss)
    xStaticTimerQueue                        0x20000aec   Data          72  timers.o(.bss)
    ucStaticTimerQueueStorage                0x20000b34   Data         160  timers.o(.bss)
    xActiveTimerList1                        0x20000bd4   Data          20  timers.o(.bss)
    xActiveTimerList2                        0x20000be8   Data          20  timers.o(.bss)
    .bss                                     0x20000bfc   Section    15360  heap_4.o(.bss)
    ucHeap                                   0x20000bfc   Data       15360  heap_4.o(.bss)
    .bss                                     0x200047fc   Section       96  libspace.o(.bss)
    HEAP                                     0x20004860   Section      512  startup_stm32f407xx.o(HEAP)
    Heap_Mem                                 0x20004860   Data         512  startup_stm32f407xx.o(HEAP)
    STACK                                    0x20004a60   Section     1024  startup_stm32f407xx.o(STACK)
    Stack_Mem                                0x20004a60   Data        1024  startup_stm32f407xx.o(STACK)
    __initial_sp                             0x20004e60   Data           0  startup_stm32f407xx.o(STACK)

    Global Symbols

    Symbol Name                              Value     Ov Type        Size  Object(Section)

    BuildAttributes$$THM_ISAv4$E$P$D$K$B$S$7EM$VFPi3$EXTD16$VFPS$VFMA$PE$A:L22UL41UL21$X:L11$S22US41US21$IEEE1$IW$USESV6$~STKCKD$USESV7$~SHL$OTIME$ROPI$IEEEX$EBA8$UX$STANDARDLIB$REQ8$PRES8$EABIv2 0x00000000   Number         0  anon$$obj.o ABSOLUTE
    __ARM_use_no_argv                        0x00000000   Number         0  main.o ABSOLUTE
    __ARM_exceptions_init                     - Undefined Weak Reference
    __alloca_initialize                       - Undefined Weak Reference
    __arm_fini_                               - Undefined Weak Reference
    __arm_preinit_                            - Undefined Weak Reference
    __cpp_initialize__aeabi_                  - Undefined Weak Reference
    __cxa_finalize                            - Undefined Weak Reference
    __rt_locale                               - Undefined Weak Reference
    __sigvec_lookup                           - Undefined Weak Reference
    _atexit_init                              - Undefined Weak Reference
    _call_atexit_fns                          - Undefined Weak Reference
    _clock_init                               - Undefined Weak Reference
    _fp_trap_init                             - Undefined Weak Reference
    _fp_trap_shutdown                         - Undefined Weak Reference
    _get_lc_collate                           - Undefined Weak Reference
    _get_lc_ctype                             - Undefined Weak Reference
    _get_lc_monetary                          - Undefined Weak Reference
    _get_lc_numeric                           - Undefined Weak Reference
    _get_lc_time                              - Undefined Weak Reference
    _getenv_init                              - Undefined Weak Reference
    _handle_redirection                       - Undefined Weak Reference
    _init_alloc                               - Undefined Weak Reference
    _init_user_alloc                          - Undefined Weak Reference
    _initio                                   - Undefined Weak Reference
    _rand_init                                - Undefined Weak Reference
    _signal_finish                            - Undefined Weak Reference
    _signal_init                              - Undefined Weak Reference
    _terminate_alloc                          - Undefined Weak Reference
    _terminate_user_alloc                     - Undefined Weak Reference
    _terminateio                              - Undefined Weak Reference
    __Vectors_Size                           0x00000188   Number         0  startup_stm32f407xx.o ABSOLUTE
    __Vectors                                0x08000000   Data           4  startup_stm32f407xx.o(RESET)
    __Vectors_End                            0x08000188   Data           0  startup_stm32f407xx.o(RESET)
    __main                                   0x08000189   Thumb Code     8  __main.o(!!!main)
    __scatterload                            0x08000191   Thumb Code     0  __scatter.o(!!!scatter)
    __scatterload_rt2                        0x08000191   Thumb Code    44  __scatter.o(!!!scatter)
    __scatterload_rt2_thumb_only             0x08000191   Thumb Code     0  __scatter.o(!!!scatter)
    __scatterload_null                       0x0800019f   Thumb Code     0  __scatter.o(!!!scatter)
    __scatterload_copy                       0x080001c5   Thumb Code    26  __scatter_copy.o(!!handler_copy)
    __scatterload_zeroinit                   0x080001e1   Thumb Code    28  __scatter_zi.o(!!handler_zi)
    __rt_lib_init                            0x080001fd   Thumb Code     0  libinit.o(.ARM.Collect$$libinit$$00000000)
    __rt_lib_init_fp_1                       0x080001ff   Thumb Code     0  libinit2.o(.ARM.Collect$$libinit$$00000001)
    __rt_lib_init_alloca_1                   0x08000203   Thumb Code     0  libinit2.o(.ARM.Collect$$libinit$$0000002E)
    __rt_lib_init_argv_1                     0x08000203   Thumb Code     0  libinit2.o(.ARM.Collect$$libinit$$0000002C)
    __rt_lib_init_atexit_1                   0x08000203   Thumb Code     0  libinit2.o(.ARM.Collect$$libinit$$0000001B)
    __rt_lib_init_clock_1                    0x08000203   Thumb Code     0  libinit2.o(.ARM.Collect$$libinit$$00000021)
    __rt_lib_init_cpp_1                      0x08000203   Thumb Code     0  libinit2.o(.ARM.Collect$$libinit$$00000032)
    __rt_lib_init_exceptions_1               0x08000203   Thumb Code     0  libinit2.o(.ARM.Collect$$libinit$$00000030)
    __rt_lib_init_fp_trap_1                  0x08000203   Thumb Code     0  libinit2.o(.ARM.Collect$$libinit$$0000001F)
    __rt_lib_init_getenv_1                   0x08000203   Thumb Code     0  libinit2.o(.ARM.Collect$$libinit$$00000023)
    __rt_lib_init_heap_1                     0x08000203   Thumb Code     0  libinit2.o(.ARM.Collect$$libinit$$0000000A)
    __rt_lib_init_lc_collate_1               0x08000203   Thumb Code     0  libinit2.o(.ARM.Collect$$libinit$$00000011)
    __rt_lib_init_lc_ctype_1                 0x08000203   Thumb Code     0  libinit2.o(.ARM.Collect$$libinit$$00000013)
    __rt_lib_init_lc_monetary_1              0x08000203   Thumb Code     0  libinit2.o(.ARM.Collect$$libinit$$00000015)
    __rt_lib_init_lc_numeric_1               0x08000203   Thumb Code     0  libinit2.o(.ARM.Collect$$libinit$$00000017)
    __rt_lib_init_lc_time_1                  0x08000203   Thumb Code     0  libinit2.o(.ARM.Collect$$libinit$$00000019)
    __rt_lib_init_preinit_1                  0x08000203   Thumb Code     0  libinit2.o(.ARM.Collect$$libinit$$00000004)
    __rt_lib_init_rand_1                     0x08000203   Thumb Code     0  libinit2.o(.ARM.Collect$$libinit$$0000000E)
    __rt_lib_init_return                     0x08000203   Thumb Code     0  libinit2.o(.ARM.Collect$$libinit$$00000033)
    __rt_lib_init_signal_1                   0x08000203   Thumb Code     0  libinit2.o(.ARM.Collect$$libinit$$0000001D)
    __rt_lib_init_stdio_1                    0x08000203   Thumb Code     0  libinit2.o(.ARM.Collect$$libinit$$00000025)
    __rt_lib_init_user_alloc_1               0x08000203   Thumb Code     0  libinit2.o(.ARM.Collect$$libinit$$0000000C)
    __rt_lib_shutdown                        0x08000205   Thumb Code     0  libshutdown.o(.ARM.Collect$$libshutdown$$00000000)
    __rt_lib_shutdown_cpp_1                  0x08000207   Thumb Code     0  libshutdown2.o(.ARM.Collect$$libshutdown$$00000004)
    __rt_lib_shutdown_fini_1                 0x08000207   Thumb Code     0  libshutdown2.o(.ARM.Collect$$libshutdown$$00000002)
    __rt_lib_shutdown_fp_trap_1              0x08000207   Thumb Code     0  libshutdown2.o(.ARM.Collect$$libshutdown$$00000009)
    __rt_lib_shutdown_heap_1                 0x08000207   Thumb Code     0  libshutdown2.o(.ARM.Collect$$libshutdown$$00000011)
    __rt_lib_shutdown_return                 0x08000207   Thumb Code     0  libshutdown2.o(.ARM.Collect$$libshutdown$$00000012)
    __rt_lib_shutdown_signal_1               0x08000207   Thumb Code     0  libshutdown2.o(.ARM.Collect$$libshutdown$$0000000C)
    __rt_lib_shutdown_stdio_1                0x08000207   Thumb Code     0  libshutdown2.o(.ARM.Collect$$libshutdown$$00000006)
    __rt_lib_shutdown_user_alloc_1           0x08000207   Thumb Code     0  libshutdown2.o(.ARM.Collect$$libshutdown$$0000000E)
    __rt_entry                               0x08000209   Thumb Code     0  __rtentry.o(.ARM.Collect$$rtentry$$00000000)
    __rt_entry_presh_1                       0x08000209   Thumb Code     0  __rtentry2.o(.ARM.Collect$$rtentry$$00000002)
    __rt_entry_sh                            0x08000209   Thumb Code     0  __rtentry4.o(.ARM.Collect$$rtentry$$00000004)
    __rt_entry_li                            0x0800020f   Thumb Code     0  __rtentry2.o(.ARM.Collect$$rtentry$$0000000A)
    __rt_entry_postsh_1                      0x0800020f   Thumb Code     0  __rtentry2.o(.ARM.Collect$$rtentry$$00000009)
    __rt_entry_main                          0x08000213   Thumb Code     0  __rtentry2.o(.ARM.Collect$$rtentry$$0000000D)
    __rt_entry_postli_1                      0x08000213   Thumb Code     0  __rtentry2.o(.ARM.Collect$$rtentry$$0000000C)
    __rt_exit                                0x0800021b   Thumb Code     0  rtexit.o(.ARM.Collect$$rtexit$$00000000)
    __rt_exit_ls                             0x0800021d   Thumb Code     0  rtexit2.o(.ARM.Collect$$rtexit$$00000003)
    __rt_exit_prels_1                        0x0800021d   Thumb Code     0  rtexit2.o(.ARM.Collect$$rtexit$$00000002)
    __rt_exit_exit                           0x08000221   Thumb Code     0  rtexit2.o(.ARM.Collect$$rtexit$$00000004)
    SVC_Handler                              0x08000229   Thumb Code    28  port.o(.emb_text)
    __asm___6_port_c_39a90d8d__prvStartFirstTask 0x08000249   Thumb Code    36  port.o(.emb_text)
    __asm___6_port_c_39a90d8d__prvEnableVFP  0x08000271   Thumb Code    16  port.o(.emb_text)
    PendSV_Handler                           0x08000285   Thumb Code    88  port.o(.emb_text)
    vPortGetIPSR                             0x080002e1   Thumb Code     6  port.o(.emb_text)
    Reset_Handler                            0x080002e9   Thumb Code     8  startup_stm32f407xx.o(.text)
    ADC_IRQHandler                           0x08000303   Thumb Code     0  startup_stm32f407xx.o(.text)
    CAN1_RX0_IRQHandler                      0x08000303   Thumb Code     0  startup_stm32f407xx.o(.text)
    CAN1_RX1_IRQHandler                      0x08000303   Thumb Code     0  startup_stm32f407xx.o(.text)
    CAN1_SCE_IRQHandler                      0x08000303   Thumb Code     0  startup_stm32f407xx.o(.text)
    CAN1_TX_IRQHandler                       0x08000303   Thumb Code     0  startup_stm32f407xx.o(.text)
    CAN2_RX0_IRQHandler                      0x08000303   Thumb Code     0  startup_stm32f407xx.o(.text)
    CAN2_RX1_IRQHandler                      0x08000303   Thumb Code     0  startup_stm32f407xx.o(.text)
    CAN2_SCE_IRQHandler                      0x08000303   Thumb Code     0  startup_stm32f407xx.o(.text)
    CAN2_TX_IRQHandler                       0x08000303   Thumb Code     0  startup_stm32f407xx.o(.text)
    DCMI_IRQHandler                          0x08000303   Thumb Code     0  startup_stm32f407xx.o(.text)
    DMA1_Stream0_IRQHandler                  0x08000303   Thumb Code     0  startup_stm32f407xx.o(.text)
    DMA1_Stream1_IRQHandler                  0x08000303   Thumb Code     0  startup_stm32f407xx.o(.text)
    DMA1_Stream2_IRQHandler                  0x08000303   Thumb Code     0  startup_stm32f407xx.o(.text)
    DMA1_Stream3_IRQHandler                  0x08000303   Thumb Code     0  startup_stm32f407xx.o(.text)
    DMA1_Stream4_IRQHandler                  0x08000303   Thumb Code     0  startup_stm32f407xx.o(.text)
    DMA1_Stream5_IRQHandler                  0x08000303   Thumb Code     0  startup_stm32f407xx.o(.text)
    DMA1_Stream6_IRQHandler                  0x08000303   Thumb Code     0  startup_stm32f407xx.o(.text)
    DMA1_Stream7_IRQHandler                  0x08000303   Thumb Code     0  startup_stm32f407xx.o(.text)
    DMA2_Stream0_IRQHandler                  0x08000303   Thumb Code     0  startup_stm32f407xx.o(.text)
    DMA2_Stream1_IRQHandler                  0x08000303   Thumb Code     0  startup_stm32f407xx.o(.text)
    DMA2_Stream2_IRQHandler                  0x08000303   Thumb Code     0  startup_stm32f407xx.o(.text)
    DMA2_Stream3_IRQHandler                  0x08000303   Thumb Code     0  startup_stm32f407xx.o(.text)
    DMA2_Stream4_IRQHandler                  0x08000303   Thumb Code     0  startup_stm32f407xx.o(.text)
    DMA2_Stream5_IRQHandler                  0x08000303   Thumb Code     0  startup_stm32f407xx.o(.text)
    DMA2_Stream6_IRQHandler                  0x08000303   Thumb Code     0  startup_stm32f407xx.o(.text)
    DMA2_Stream7_IRQHandler                  0x08000303   Thumb Code     0  startup_stm32f407xx.o(.text)
    ETH_IRQHandler                           0x08000303   Thumb Code     0  startup_stm32f407xx.o(.text)
    ETH_WKUP_IRQHandler                      0x08000303   Thumb Code     0  startup_stm32f407xx.o(.text)
    EXTI0_IRQHandler                         0x08000303   Thumb Code     0  startup_stm32f407xx.o(.text)
    EXTI15_10_IRQHandler                     0x08000303   Thumb Code     0  startup_stm32f407xx.o(.text)
    EXTI1_IRQHandler                         0x08000303   Thumb Code     0  startup_stm32f407xx.o(.text)
    EXTI2_IRQHandler                         0x08000303   Thumb Code     0  startup_stm32f407xx.o(.text)
    EXTI3_IRQHandler                         0x08000303   Thumb Code     0  startup_stm32f407xx.o(.text)
    EXTI4_IRQHandler                         0x08000303   Thumb Code     0  startup_stm32f407xx.o(.text)
    EXTI9_5_IRQHandler                       0x08000303   Thumb Code     0  startup_stm32f407xx.o(.text)
    FLASH_IRQHandler                         0x08000303   Thumb Code     0  startup_stm32f407xx.o(.text)
    FMC_IRQHandler                           0x08000303   Thumb Code     0  startup_stm32f407xx.o(.text)
    FPU_IRQHandler                           0x08000303   Thumb Code     0  startup_stm32f407xx.o(.text)
    HASH_RNG_IRQHandler                      0x08000303   Thumb Code     0  startup_stm32f407xx.o(.text)
    I2C1_ER_IRQHandler                       0x08000303   Thumb Code     0  startup_stm32f407xx.o(.text)
    I2C1_EV_IRQHandler                       0x08000303   Thumb Code     0  startup_stm32f407xx.o(.text)
    I2C2_ER_IRQHandler                       0x08000303   Thumb Code     0  startup_stm32f407xx.o(.text)
    I2C2_EV_IRQHandler                       0x08000303   Thumb Code     0  startup_stm32f407xx.o(.text)
    I2C3_ER_IRQHandler                       0x08000303   Thumb Code     0  startup_stm32f407xx.o(.text)
    I2C3_EV_IRQHandler                       0x08000303   Thumb Code     0  startup_stm32f407xx.o(.text)
    OTG_FS_IRQHandler                        0x08000303   Thumb Code     0  startup_stm32f407xx.o(.text)
    OTG_FS_WKUP_IRQHandler                   0x08000303   Thumb Code     0  startup_stm32f407xx.o(.text)
    OTG_HS_EP1_IN_IRQHandler                 0x08000303   Thumb Code     0  startup_stm32f407xx.o(.text)
    OTG_HS_EP1_OUT_IRQHandler                0x08000303   Thumb Code     0  startup_stm32f407xx.o(.text)
    OTG_HS_IRQHandler                        0x08000303   Thumb Code     0  startup_stm32f407xx.o(.text)
    OTG_HS_WKUP_IRQHandler                   0x08000303   Thumb Code     0  startup_stm32f407xx.o(.text)
    PVD_IRQHandler                           0x08000303   Thumb Code     0  startup_stm32f407xx.o(.text)
    RCC_IRQHandler                           0x08000303   Thumb Code     0  startup_stm32f407xx.o(.text)
    RTC_Alarm_IRQHandler                     0x08000303   Thumb Code     0  startup_stm32f407xx.o(.text)
    RTC_WKUP_IRQHandler                      0x08000303   Thumb Code     0  startup_stm32f407xx.o(.text)
    SDIO_IRQHandler                          0x08000303   Thumb Code     0  startup_stm32f407xx.o(.text)
    SPI1_IRQHandler                          0x08000303   Thumb Code     0  startup_stm32f407xx.o(.text)
    SPI2_IRQHandler                          0x08000303   Thumb Code     0  startup_stm32f407xx.o(.text)
    SPI3_IRQHandler                          0x08000303   Thumb Code     0  startup_stm32f407xx.o(.text)
    TAMP_STAMP_IRQHandler                    0x08000303   Thumb Code     0  startup_stm32f407xx.o(.text)
    TIM1_BRK_TIM9_IRQHandler                 0x08000303   Thumb Code     0  startup_stm32f407xx.o(.text)
    TIM1_CC_IRQHandler                       0x08000303   Thumb Code     0  startup_stm32f407xx.o(.text)
    TIM1_TRG_COM_TIM11_IRQHandler            0x08000303   Thumb Code     0  startup_stm32f407xx.o(.text)
    TIM1_UP_TIM10_IRQHandler                 0x08000303   Thumb Code     0  startup_stm32f407xx.o(.text)
    TIM2_IRQHandler                          0x08000303   Thumb Code     0  startup_stm32f407xx.o(.text)
    TIM3_IRQHandler                          0x08000303   Thumb Code     0  startup_stm32f407xx.o(.text)
    TIM4_IRQHandler                          0x08000303   Thumb Code     0  startup_stm32f407xx.o(.text)
    TIM5_IRQHandler                          0x08000303   Thumb Code     0  startup_stm32f407xx.o(.text)
    TIM6_DAC_IRQHandler                      0x08000303   Thumb Code     0  startup_stm32f407xx.o(.text)
    TIM7_IRQHandler                          0x08000303   Thumb Code     0  startup_stm32f407xx.o(.text)
    TIM8_BRK_TIM12_IRQHandler                0x08000303   Thumb Code     0  startup_stm32f407xx.o(.text)
    TIM8_CC_IRQHandler                       0x08000303   Thumb Code     0  startup_stm32f407xx.o(.text)
    TIM8_TRG_COM_TIM14_IRQHandler            0x08000303   Thumb Code     0  startup_stm32f407xx.o(.text)
    TIM8_UP_TIM13_IRQHandler                 0x08000303   Thumb Code     0  startup_stm32f407xx.o(.text)
    UART4_IRQHandler                         0x08000303   Thumb Code     0  startup_stm32f407xx.o(.text)
    UART5_IRQHandler                         0x08000303   Thumb Code     0  startup_stm32f407xx.o(.text)
    USART1_IRQHandler                        0x08000303   Thumb Code     0  startup_stm32f407xx.o(.text)
    USART2_IRQHandler                        0x08000303   Thumb Code     0  startup_stm32f407xx.o(.text)
    USART3_IRQHandler                        0x08000303   Thumb Code     0  startup_stm32f407xx.o(.text)
    USART6_IRQHandler                        0x08000303   Thumb Code     0  startup_stm32f407xx.o(.text)
    WWDG_IRQHandler                          0x08000303   Thumb Code     0  startup_stm32f407xx.o(.text)
    __user_initial_stackheap                 0x08000305   Thumb Code     0  startup_stm32f407xx.o(.text)
    arm_cos_f32                              0x08000329   Thumb Code   108  arm_cos_f32.o(.text)
    arm_sin_f32                              0x080003a1   Thumb Code   130  arm_sin_f32.o(.text)
    __aeabi_uldivmod                         0x08000435   Thumb Code     0  lludivv7m.o(.text)
    _ll_udiv                                 0x08000435   Thumb Code   238  lludivv7m.o(.text)
    __aeabi_memcpy                           0x08000523   Thumb Code     0  rt_memcpy_v6.o(.text)
    __rt_memcpy                              0x08000523   Thumb Code   138  rt_memcpy_v6.o(.text)
    _memcpy_lastbytes                        0x08000589   Thumb Code     0  rt_memcpy_v6.o(.text)
    __aeabi_memcpy4                          0x080005ad   Thumb Code     0  rt_memcpy_w.o(.text)
    __aeabi_memcpy8                          0x080005ad   Thumb Code     0  rt_memcpy_w.o(.text)
    __rt_memcpy_w                            0x080005ad   Thumb Code   100  rt_memcpy_w.o(.text)
    _memcpy_lastbytes_aligned                0x080005f5   Thumb Code     0  rt_memcpy_w.o(.text)
    __aeabi_memset                           0x08000611   Thumb Code    16  aeabi_memset.o(.text)
    __aeabi_memclr4                          0x08000621   Thumb Code     0  rt_memclr_w.o(.text)
    __aeabi_memclr8                          0x08000621   Thumb Code     0  rt_memclr_w.o(.text)
    __rt_memclr_w                            0x08000621   Thumb Code    78  rt_memclr_w.o(.text)
    _memset_w                                0x08000625   Thumb Code     0  rt_memclr_w.o(.text)
    __use_two_region_memory                  0x0800066f   Thumb Code     2  heapauxi.o(.text)
    __rt_heap_escrow$2region                 0x08000671   Thumb Code     2  heapauxi.o(.text)
    __rt_heap_expand$2region                 0x08000673   Thumb Code     2  heapauxi.o(.text)
    __aeabi_memclr                           0x08000675   Thumb Code     0  rt_memclr.o(.text)
    __rt_memclr                              0x08000675   Thumb Code    68  rt_memclr.o(.text)
    _memset                                  0x08000679   Thumb Code     0  rt_memclr.o(.text)
    __user_setup_stackheap                   0x080006b9   Thumb Code    74  sys_stackheap_outer.o(.text)
    exit                                     0x08000703   Thumb Code    18  exit.o(.text)
    __user_libspace                          0x08000715   Thumb Code     8  libspace.o(.text)
    __user_perproc_libspace                  0x08000715   Thumb Code     0  libspace.o(.text)
    __user_perthread_libspace                0x08000715   Thumb Code     0  libspace.o(.text)
    _sys_exit                                0x0800071d   Thumb Code     8  sys_exit.o(.text)
    __I$use$semihosting                      0x08000729   Thumb Code     0  use_no_semi.o(.text)
    __use_no_semihosting_swi                 0x08000729   Thumb Code     2  use_no_semi.o(.text)
    BusFault_Handler                         0x0800072b   Thumb Code     2  stm32f4xx_it.o(i.BusFault_Handler)
    __semihosting_library_function           0x0800072b   Thumb Code     0  indicate_semi.o(.text)
    DebugMon_Handler                         0x0800072d   Thumb Code     2  stm32f4xx_it.o(i.DebugMon_Handler)
    Error_Handler                            0x080009ad   Thumb Code     4  main.o(i.Error_Handler)
    HAL_Delay                                0x080009b1   Thumb Code    32  stm32f4xx_hal.o(i.HAL_Delay)
    HAL_GPIO_Init                            0x080009d5   Thumb Code   420  stm32f4xx_hal_gpio.o(i.HAL_GPIO_Init)
    HAL_GPIO_TogglePin                       0x08000ba5   Thumb Code    16  stm32f4xx_hal_gpio.o(i.HAL_GPIO_TogglePin)
    HAL_GPIO_WritePin                        0x08000bb5   Thumb Code    14  stm32f4xx_hal_gpio.o(i.HAL_GPIO_WritePin)
    HAL_GetTick                              0x08000bc5   Thumb Code     6  stm32f4xx_hal.o(i.HAL_GetTick)
    HAL_I2C_Init                             0x08000bd1   Thumb Code   392  stm32f4xx_hal_i2c.o(i.HAL_I2C_Init)
    HAL_I2C_Mem_Write                        0x08000d69   Thumb Code   316  stm32f4xx_hal_i2c.o(i.HAL_I2C_Mem_Write)
    HAL_I2C_MspInit                          0x08000ead   Thumb Code    94  i2c.o(i.HAL_I2C_MspInit)
    HAL_IncTick                              0x08000f19   Thumb Code    12  stm32f4xx_hal.o(i.HAL_IncTick)
    HAL_Init                                 0x08000f29   Thumb Code    48  stm32f4xx_hal.o(i.HAL_Init)
    HAL_InitTick                             0x08000f5d   Thumb Code    58  stm32f4xx_hal.o(i.HAL_InitTick)
    HAL_MspInit                              0x08000fa1   Thumb Code    52  stm32f4xx_hal_msp.o(i.HAL_MspInit)
    HAL_NVIC_SetPriority                     0x08000fd9   Thumb Code    60  stm32f4xx_hal_cortex.o(i.HAL_NVIC_SetPriority)
    HAL_NVIC_SetPriorityGrouping             0x08001019   Thumb Code    26  stm32f4xx_hal_cortex.o(i.HAL_NVIC_SetPriorityGrouping)
    HAL_RCC_ClockConfig                      0x0800103d   Thumb Code   310  stm32f4xx_hal_rcc.o(i.HAL_RCC_ClockConfig)
    HAL_RCC_GetHCLKFreq                      0x08001189   Thumb Code     6  stm32f4xx_hal_rcc.o(i.HAL_RCC_GetHCLKFreq)
    HAL_RCC_GetPCLK1Freq                     0x08001195   Thumb Code    22  stm32f4xx_hal_rcc.o(i.HAL_RCC_GetPCLK1Freq)
    HAL_RCC_GetSysClockFreq                  0x080011b5   Thumb Code    94  stm32f4xx_hal_rcc.o(i.HAL_RCC_GetSysClockFreq)
    HAL_RCC_OscConfig                        0x0800121d   Thumb Code   942  stm32f4xx_hal_rcc.o(i.HAL_RCC_OscConfig)
    HAL_SYSTICK_Config                       0x080015dd   Thumb Code    40  stm32f4xx_hal_cortex.o(i.HAL_SYSTICK_Config)
    HardFault_Handler                        0x08001605   Thumb Code    18  stm32f4xx_it.o(i.HardFault_Handler)
    MX_FREERTOS_Init                         0x080018ed   Thumb Code    74  freertos.o(i.MX_FREERTOS_Init)
    MX_GPIO_Init                             0x08001941   Thumb Code   120  gpio.o(i.MX_GPIO_Init)
    MX_I2C1_Init                             0x080019c1   Thumb Code    50  i2c.o(i.MX_I2C1_Init)
    MemManage_Handler                        0x08001a01   Thumb Code     2  stm32f4xx_it.o(i.MemManage_Handler)
    NMI_Handler                              0x08001a03   Thumb Code     2  stm32f4xx_it.o(i.NMI_Handler)
    Oled_Refresh_tack                        0x08001a05   Thumb Code   320  oled.o(i.Oled_Refresh_tack)
    Oled_show_tack                           0x08001b59   Thumb Code     8  oled.o(i.Oled_show_tack)
    SysTick_Handler                          0x08001bcd   Thumb Code    24  stm32f4xx_it.o(i.SysTick_Handler)
    SystemClock_Config                       0x08001be5   Thumb Code   138  main.o(i.SystemClock_Config)
    SystemInit                               0x08001c79   Thumb Code    12  system_stm32f4xx.o(i.SystemInit)
    UsageFault_Handler                       0x08001c89   Thumb Code     2  stm32f4xx_it.o(i.UsageFault_Handler)
    control_init                             0x08001cad   Thumb Code    44  oled.o(i.control_init)
    main                                     0x08001d41   Thumb Code    30  main.o(i.main)
    osDelay                                  0x08001dbd   Thumb Code    16  cmsis_os.o(i.osDelay)
    osKernelStart                            0x08001dcd   Thumb Code    10  cmsis_os.o(i.osKernelStart)
    osThreadCreate                           0x08001dd7   Thumb Code    88  cmsis_os.o(i.osThreadCreate)
    pvPortMalloc                             0x08002659   Thumb Code   214  heap_4.o(i.pvPortMalloc)
    pxPortInitialiseStack                    0x08002735   Thumb Code    30  port.o(i.pxPortInitialiseStack)
    test_tack                                0x080027f1   Thumb Code    26  freertos.o(i.test_tack)
    uxListRemove                             0x08002811   Thumb Code    38  list.o(i.uxListRemove)
    vApplicationGetIdleTaskMemory            0x08002839   Thumb Code    16  freertos.o(i.vApplicationGetIdleTaskMemory)
    vApplicationGetTimerTaskMemory           0x0800284d   Thumb Code    18  freertos.o(i.vApplicationGetTimerTaskMemory)
    vListInitialise                          0x08002865   Thumb Code    22  list.o(i.vListInitialise)
    vListInitialiseItem                      0x0800287b   Thumb Code     6  list.o(i.vListInitialiseItem)
    vListInsert                              0x08002881   Thumb Code    48  list.o(i.vListInsert)
    vListInsertEnd                           0x080028b1   Thumb Code    24  list.o(i.vListInsertEnd)
    vPortEnterCritical                       0x080028c9   Thumb Code    54  port.o(i.vPortEnterCritical)
    vPortExitCritical                        0x08002909   Thumb Code    38  port.o(i.vPortExitCritical)
    vPortFree                                0x08002935   Thumb Code    94  heap_4.o(i.vPortFree)
    vPortSetupTimerInterrupt                 0x08002999   Thumb Code    32  port.o(i.vPortSetupTimerInterrupt)
    vPortValidateInterruptPriority           0x080029bd   Thumb Code    74  port.o(i.vPortValidateInterruptPriority)
    vQueueAddToRegistry                      0x08002a11   Thumb Code    32  queue.o(i.vQueueAddToRegistry)
    vQueueWaitForMessageRestricted           0x08002a35   Thumb Code    70  queue.o(i.vQueueWaitForMessageRestricted)
    vTaskDelay                               0x08002a7d   Thumb Code    70  tasks.o(i.vTaskDelay)
    vTaskInternalSetTimeOutState             0x08002acd   Thumb Code    12  tasks.o(i.vTaskInternalSetTimeOutState)
    vTaskMissedYield                         0x08002add   Thumb Code     8  tasks.o(i.vTaskMissedYield)
    vTaskPlaceOnEventList                    0x08002ae9   Thumb Code    46  tasks.o(i.vTaskPlaceOnEventList)
    vTaskPlaceOnEventListRestricted          0x08002b1d   Thumb Code    54  tasks.o(i.vTaskPlaceOnEventListRestricted)
    vTaskStartScheduler                      0x08002b59   Thumb Code   126  tasks.o(i.vTaskStartScheduler)
    vTaskSuspendAll                          0x08002be9   Thumb Code    10  tasks.o(i.vTaskSuspendAll)
    vTaskSwitchContext                       0x08002bf9   Thumb Code    86  tasks.o(i.vTaskSwitchContext)
    xPortStartScheduler                      0x08002c59   Thumb Code   222  port.o(i.xPortStartScheduler)
    xPortSysTickHandler                      0x08002d4d   Thumb Code    38  port.o(i.xPortSysTickHandler)
    xQueueGenericCreateStatic                0x08002d79   Thumb Code   108  queue.o(i.xQueueGenericCreateStatic)
    xQueueGenericReset                       0x08002de5   Thumb Code   134  queue.o(i.xQueueGenericReset)
    xQueueGenericSend                        0x08002e71   Thumb Code   352  queue.o(i.xQueueGenericSend)
    xQueueGenericSendFromISR                 0x08002fd5   Thumb Code   192  queue.o(i.xQueueGenericSendFromISR)
    xQueueReceive                            0x08003095   Thumb Code   310  queue.o(i.xQueueReceive)
    xTaskCheckForTimeOut                     0x080031d1   Thumb Code   140  tasks.o(i.xTaskCheckForTimeOut)
    xTaskCreate                              0x08003261   Thumb Code   100  tasks.o(i.xTaskCreate)
    xTaskCreateStatic                        0x080032c5   Thumb Code    92  tasks.o(i.xTaskCreateStatic)
    xTaskGetSchedulerState                   0x08003321   Thumb Code    24  tasks.o(i.xTaskGetSchedulerState)
    xTaskGetTickCount                        0x0800333d   Thumb Code     6  tasks.o(i.xTaskGetTickCount)
    xTaskIncrementTick                       0x08003349   Thumb Code   198  tasks.o(i.xTaskIncrementTick)
    xTaskPriorityDisinherit                  0x08003419   Thumb Code   144  tasks.o(i.xTaskPriorityDisinherit)
    xTaskRemoveFromEventList                 0x080034b1   Thumb Code   114  tasks.o(i.xTaskRemoveFromEventList)
    xTaskResumeAll                           0x0800352d   Thumb Code   192  tasks.o(i.xTaskResumeAll)
    xTimerCreateTimerTask                    0x080035f9   Thumb Code    86  timers.o(i.xTimerCreateTimerTask)
    xTimerGenericCommand                     0x08003661   Thumb Code   104  timers.o(i.xTimerGenericCommand)
    _fp_init                                 0x080036cd   Thumb Code    10  fpinit.o(x$fpl$fpinit)
    __fplib_config_fpu_vfp                   0x080036d5   Thumb Code     0  fpinit.o(x$fpl$fpinit)
    __fplib_config_pureend_doubles           0x080036d5   Thumb Code     0  fpinit.o(x$fpl$fpinit)
    vertices                                 0x0800372c   Data          96  oled.o(.constdata)
    indices                                  0x0800378c   Data          96  oled.o(.constdata)
    AHBPrescTable                            0x080037ec   Data          16  system_stm32f4xx.o(.constdata)
    APBPrescTable                            0x080037fc   Data           8  system_stm32f4xx.o(.constdata)
    sinTable_f32                             0x08003804   Data        2052  arm_common_tables.o(.constdata)
    Region$$Table$$Base                      0x0800402c   Number         0  anon$$obj.o(Region$$Table)
    Region$$Table$$Limit                     0x0800404c   Number         0  anon$$obj.o(Region$$Table)
    oled_Refresh_Handle                      0x20000000   Data           4  freertos.o(.data)
    oled_show_Handle                         0x20000004   Data           4  freertos.o(.data)
    testHandle                               0x20000008   Data           4  freertos.o(.data)
    uwTickFreq                               0x2000000c   Data           1  stm32f4xx_hal.o(.data)
    uwTickPrio                               0x20000010   Data           4  stm32f4xx_hal.o(.data)
    uwTick                                   0x20000014   Data           4  stm32f4xx_hal.o(.data)
    SystemCoreClock                          0x20000018   Data           4  system_stm32f4xx.o(.data)
    pxCurrentTCB                             0x2000001c   Data           4  tasks.o(.data)
    hi2c1                                    0x20000740   Data          84  i2c.o(.bss)
    oled_control                             0x20000794   Data          40  oled.o(.bss)
    oled_buf                                 0x200007bc   Data         512  oled.o(.bss)
    xQueueRegistry                           0x200009bc   Data          64  queue.o(.bss)
    __libspace_start                         0x200047fc   Data          96  libspace.o(.bss)
    __temporary_stack_top$libspace           0x2000485c   Data           0  libspace.o(.bss)



==============================================================================

Memory Map of the image

  Image Entry point : 0x08000189

  Load Region LR_IROM1 (Base: 0x08000000, Size: 0x000040e4, Max: 0x00100000, ABSOLUTE)

    Execution Region ER_IROM1 (Exec base: 0x08000000, Load base: 0x08000000, Size: 0x0000404c, Max: 0x00100000, ABSOLUTE)

    Exec Addr    Load Addr    Size         Type   Attr      Idx    E Section Name        Object

    0x08000000   0x08000000   0x00000188   Data   RO         2260    RESET               startup_stm32f407xx.o
    0x08000188   0x08000188   0x00000008   Code   RO         3979  * !!!main             c_w.l(__main.o)
    0x08000190   0x08000190   0x00000034   Code   RO         4150    !!!scatter          c_w.l(__scatter.o)
    0x080001c4   0x080001c4   0x0000001a   Code   RO         4152    !!handler_copy      c_w.l(__scatter_copy.o)
    0x080001de   0x080001de   0x00000002   PAD
    0x080001e0   0x080001e0   0x0000001c   Code   RO         4154    !!handler_zi        c_w.l(__scatter_zi.o)
    0x080001fc   0x080001fc   0x00000002   Code   RO         4018    .ARM.Collect$$libinit$$00000000  c_w.l(libinit.o)
    0x080001fe   0x080001fe   0x00000004   Code   RO         4030    .ARM.Collect$$libinit$$00000001  c_w.l(libinit2.o)
    0x08000202   0x08000202   0x00000000   Code   RO         4033    .ARM.Collect$$libinit$$00000004  c_w.l(libinit2.o)
    0x08000202   0x08000202   0x00000000   Code   RO         4036    .ARM.Collect$$libinit$$0000000A  c_w.l(libinit2.o)
    0x08000202   0x08000202   0x00000000   Code   RO         4038    .ARM.Collect$$libinit$$0000000C  c_w.l(libinit2.o)
    0x08000202   0x08000202   0x00000000   Code   RO         4040    .ARM.Collect$$libinit$$0000000E  c_w.l(libinit2.o)
    0x08000202   0x08000202   0x00000000   Code   RO         4043    .ARM.Collect$$libinit$$00000011  c_w.l(libinit2.o)
    0x08000202   0x08000202   0x00000000   Code   RO         4045    .ARM.Collect$$libinit$$00000013  c_w.l(libinit2.o)
    0x08000202   0x08000202   0x00000000   Code   RO         4047    .ARM.Collect$$libinit$$00000015  c_w.l(libinit2.o)
    0x08000202   0x08000202   0x00000000   Code   RO         4049    .ARM.Collect$$libinit$$00000017  c_w.l(libinit2.o)
    0x08000202   0x08000202   0x00000000   Code   RO         4051    .ARM.Collect$$libinit$$00000019  c_w.l(libinit2.o)
    0x08000202   0x08000202   0x00000000   Code   RO         4053    .ARM.Collect$$libinit$$0000001B  c_w.l(libinit2.o)
    0x08000202   0x08000202   0x00000000   Code   RO         4055    .ARM.Collect$$libinit$$0000001D  c_w.l(libinit2.o)
    0x08000202   0x08000202   0x00000000   Code   RO         4057    .ARM.Collect$$libinit$$0000001F  c_w.l(libinit2.o)
    0x08000202   0x08000202   0x00000000   Code   RO         4059    .ARM.Collect$$libinit$$00000021  c_w.l(libinit2.o)
    0x08000202   0x08000202   0x00000000   Code   RO         4061    .ARM.Collect$$libinit$$00000023  c_w.l(libinit2.o)
    0x08000202   0x08000202   0x00000000   Code   RO         4063    .ARM.Collect$$libinit$$00000025  c_w.l(libinit2.o)
    0x08000202   0x08000202   0x00000000   Code   RO         4067    .ARM.Collect$$libinit$$0000002C  c_w.l(libinit2.o)
    0x08000202   0x08000202   0x00000000   Code   RO         4069    .ARM.Collect$$libinit$$0000002E  c_w.l(libinit2.o)
    0x08000202   0x08000202   0x00000000   Code   RO         4071    .ARM.Collect$$libinit$$00000030  c_w.l(libinit2.o)
    0x08000202   0x08000202   0x00000000   Code   RO         4073    .ARM.Collect$$libinit$$00000032  c_w.l(libinit2.o)
    0x08000202   0x08000202   0x00000002   Code   RO         4074    .ARM.Collect$$libinit$$00000033  c_w.l(libinit2.o)
    0x08000204   0x08000204   0x00000002   Code   RO         4105    .ARM.Collect$$libshutdown$$00000000  c_w.l(libshutdown.o)
    0x08000206   0x08000206   0x00000000   Code   RO         4131    .ARM.Collect$$libshutdown$$00000002  c_w.l(libshutdown2.o)
    0x08000206   0x08000206   0x00000000   Code   RO         4133    .ARM.Collect$$libshutdown$$00000004  c_w.l(libshutdown2.o)
    0x08000206   0x08000206   0x00000000   Code   RO         4135    .ARM.Collect$$libshutdown$$00000006  c_w.l(libshutdown2.o)
    0x08000206   0x08000206   0x00000000   Code   RO         4138    .ARM.Collect$$libshutdown$$00000009  c_w.l(libshutdown2.o)
    0x08000206   0x08000206   0x00000000   Code   RO         4141    .ARM.Collect$$libshutdown$$0000000C  c_w.l(libshutdown2.o)
    0x08000206   0x08000206   0x00000000   Code   RO         4143    .ARM.Collect$$libshutdown$$0000000E  c_w.l(libshutdown2.o)
    0x08000206   0x08000206   0x00000000   Code   RO         4146    .ARM.Collect$$libshutdown$$00000011  c_w.l(libshutdown2.o)
    0x08000206   0x08000206   0x00000002   Code   RO         4147    .ARM.Collect$$libshutdown$$00000012  c_w.l(libshutdown2.o)
    0x08000208   0x08000208   0x00000000   Code   RO         3981    .ARM.Collect$$rtentry$$00000000  c_w.l(__rtentry.o)
    0x08000208   0x08000208   0x00000000   Code   RO         3989    .ARM.Collect$$rtentry$$00000002  c_w.l(__rtentry2.o)
    0x08000208   0x08000208   0x00000006   Code   RO         4001    .ARM.Collect$$rtentry$$00000004  c_w.l(__rtentry4.o)
    0x0800020e   0x0800020e   0x00000000   Code   RO         3991    .ARM.Collect$$rtentry$$00000009  c_w.l(__rtentry2.o)
    0x0800020e   0x0800020e   0x00000004   Code   RO         3992    .ARM.Collect$$rtentry$$0000000A  c_w.l(__rtentry2.o)
    0x08000212   0x08000212   0x00000000   Code   RO         3994    .ARM.Collect$$rtentry$$0000000C  c_w.l(__rtentry2.o)
    0x08000212   0x08000212   0x00000008   Code   RO         3995    .ARM.Collect$$rtentry$$0000000D  c_w.l(__rtentry2.o)
    0x0800021a   0x0800021a   0x00000002   Code   RO         4022    .ARM.Collect$$rtexit$$00000000  c_w.l(rtexit.o)
    0x0800021c   0x0800021c   0x00000000   Code   RO         4078    .ARM.Collect$$rtexit$$00000002  c_w.l(rtexit2.o)
    0x0800021c   0x0800021c   0x00000004   Code   RO         4079    .ARM.Collect$$rtexit$$00000003  c_w.l(rtexit2.o)
    0x08000220   0x08000220   0x00000006   Code   RO         4080    .ARM.Collect$$rtexit$$00000004  c_w.l(rtexit2.o)
    0x08000226   0x08000226   0x00000002   PAD
    0x08000228   0x08000228   0x000000be   Code   RO         3728    .emb_text           port.o
    0x080002e6   0x080002e6   0x00000002   PAD
    0x080002e8   0x080002e8   0x00000040   Code   RO         2261    .text               startup_stm32f407xx.o
    0x08000328   0x08000328   0x00000078   Code   RO         3808    .text               arm_cortexM4lf_math.lib(arm_cos_f32.o)
    0x080003a0   0x080003a0   0x00000094   Code   RO         3858    .text               arm_cortexM4lf_math.lib(arm_sin_f32.o)
    0x08000434   0x08000434   0x000000ee   Code   RO         3963    .text               c_w.l(lludivv7m.o)
    0x08000522   0x08000522   0x0000008a   Code   RO         3967    .text               c_w.l(rt_memcpy_v6.o)
    0x080005ac   0x080005ac   0x00000064   Code   RO         3969    .text               c_w.l(rt_memcpy_w.o)
    0x08000610   0x08000610   0x00000010   Code   RO         3973    .text               c_w.l(aeabi_memset.o)
    0x08000620   0x08000620   0x0000004e   Code   RO         3975    .text               c_w.l(rt_memclr_w.o)
    0x0800066e   0x0800066e   0x00000006   Code   RO         3977    .text               c_w.l(heapauxi.o)
    0x08000674   0x08000674   0x00000044   Code   RO         3986    .text               c_w.l(rt_memclr.o)
    0x080006b8   0x080006b8   0x0000004a   Code   RO         4005    .text               c_w.l(sys_stackheap_outer.o)
    0x08000702   0x08000702   0x00000012   Code   RO         4007    .text               c_w.l(exit.o)
    0x08000714   0x08000714   0x00000008   Code   RO         4019    .text               c_w.l(libspace.o)
    0x0800071c   0x0800071c   0x0000000c   Code   RO         4075    .text               c_w.l(sys_exit.o)
    0x08000728   0x08000728   0x00000002   Code   RO         4094    .text               c_w.l(use_no_semi.o)
    0x0800072a   0x0800072a   0x00000000   Code   RO         4096    .text               c_w.l(indicate_semi.o)
    0x0800072a   0x0800072a   0x00000002   Code   RO          323    i.BusFault_Handler  stm32f4xx_it.o
    0x0800072c   0x0800072c   0x00000002   Code   RO          324    i.DebugMon_Handler  stm32f4xx_it.o
    0x0800072e   0x0800072e   0x00000002   PAD
    0x08000730   0x08000730   0x00000028   Code   RO          410    i.Display_OFF       oled.o
    0x08000758   0x08000758   0x00000028   Code   RO          411    i.Display_ON        oled.o
    0x08000780   0x08000780   0x000000d8   Code   RO          412    i.DrawCircle        oled.o
    0x08000858   0x08000858   0x000000c8   Code   RO          413    i.DrawLine          oled.o
    0x08000920   0x08000920   0x0000003c   Code   RO          414    i.DrawPoint         oled.o
    0x0800095c   0x0800095c   0x00000050   Code   RO          415    i.DrawRectangle     oled.o
    0x080009ac   0x080009ac   0x00000004   Code   RO            4    i.Error_Handler     main.o
    0x080009b0   0x080009b0   0x00000024   Code   RO         1446    i.HAL_Delay         stm32f4xx_hal.o
    0x080009d4   0x080009d4   0x000001d0   Code   RO          920    i.HAL_GPIO_Init     stm32f4xx_hal_gpio.o
    0x08000ba4   0x08000ba4   0x00000010   Code   RO          923    i.HAL_GPIO_TogglePin  stm32f4xx_hal_gpio.o
    0x08000bb4   0x08000bb4   0x0000000e   Code   RO          924    i.HAL_GPIO_WritePin  stm32f4xx_hal_gpio.o
    0x08000bc2   0x08000bc2   0x00000002   PAD
    0x08000bc4   0x08000bc4   0x0000000c   Code   RO         1452    i.HAL_GetTick       stm32f4xx_hal.o
    0x08000bd0   0x08000bd0   0x00000198   Code   RO         1708    i.HAL_I2C_Init      stm32f4xx_hal_i2c.o
    0x08000d68   0x08000d68   0x00000144   Code   RO         1729    i.HAL_I2C_Mem_Write  stm32f4xx_hal_i2c.o
    0x08000eac   0x08000eac   0x0000006c   Code   RO          282    i.HAL_I2C_MspInit   i2c.o
    0x08000f18   0x08000f18   0x00000010   Code   RO         1458    i.HAL_IncTick       stm32f4xx_hal.o
    0x08000f28   0x08000f28   0x00000034   Code   RO         1459    i.HAL_Init          stm32f4xx_hal.o
    0x08000f5c   0x08000f5c   0x00000044   Code   RO         1460    i.HAL_InitTick      stm32f4xx_hal.o
    0x08000fa0   0x08000fa0   0x00000038   Code   RO          386    i.HAL_MspInit       stm32f4xx_hal_msp.o
    0x08000fd8   0x08000fd8   0x00000040   Code   RO         1315    i.HAL_NVIC_SetPriority  stm32f4xx_hal_cortex.o
    0x08001018   0x08001018   0x00000024   Code   RO         1316    i.HAL_NVIC_SetPriorityGrouping  stm32f4xx_hal_cortex.o
    0x0800103c   0x0800103c   0x0000014c   Code   RO          521    i.HAL_RCC_ClockConfig  stm32f4xx_hal_rcc.o
    0x08001188   0x08001188   0x0000000c   Code   RO          526    i.HAL_RCC_GetHCLKFreq  stm32f4xx_hal_rcc.o
    0x08001194   0x08001194   0x00000020   Code   RO          528    i.HAL_RCC_GetPCLK1Freq  stm32f4xx_hal_rcc.o
    0x080011b4   0x080011b4   0x00000068   Code   RO          530    i.HAL_RCC_GetSysClockFreq  stm32f4xx_hal_rcc.o
    0x0800121c   0x0800121c   0x000003c0   Code   RO          533    i.HAL_RCC_OscConfig  stm32f4xx_hal_rcc.o
    0x080015dc   0x080015dc   0x00000028   Code   RO         1320    i.HAL_SYSTICK_Config  stm32f4xx_hal_cortex.o
    0x08001604   0x08001604   0x00000018   Code   RO          325    i.HardFault_Handler  stm32f4xx_it.o
    0x0800161c   0x0800161c   0x0000002e   Code   RO         1751    i.I2C_IsAcknowledgeFailed  stm32f4xx_hal_i2c.o
    0x0800164a   0x0800164a   0x00000002   PAD
    0x0800164c   0x0800164c   0x000000c4   Code   RO         1763    i.I2C_RequestMemoryWrite  stm32f4xx_hal_i2c.o
    0x08001710   0x08001710   0x0000004e   Code   RO         1771    i.I2C_WaitOnBTFFlagUntilTimeout  stm32f4xx_hal_i2c.o
    0x0800175e   0x0800175e   0x0000007a   Code   RO         1772    i.I2C_WaitOnFlagUntilTimeout  stm32f4xx_hal_i2c.o
    0x080017d8   0x080017d8   0x000000a8   Code   RO         1773    i.I2C_WaitOnMasterAddressFlagUntilTimeout  stm32f4xx_hal_i2c.o
    0x08001880   0x08001880   0x0000004e   Code   RO         1777    i.I2C_WaitOnTXEFlagUntilTimeout  stm32f4xx_hal_i2c.o
    0x080018ce   0x080018ce   0x00000002   PAD
    0x080018d0   0x080018d0   0x0000001c   Code   RO          416    i.I2C_Write         oled.o
    0x080018ec   0x080018ec   0x00000054   Code   RO          225    i.MX_FREERTOS_Init  freertos.o
    0x08001940   0x08001940   0x00000080   Code   RO          201    i.MX_GPIO_Init      gpio.o
    0x080019c0   0x080019c0   0x00000040   Code   RO          283    i.MX_I2C1_Init      i2c.o
    0x08001a00   0x08001a00   0x00000002   Code   RO          326    i.MemManage_Handler  stm32f4xx_it.o
    0x08001a02   0x08001a02   0x00000002   Code   RO          327    i.NMI_Handler       stm32f4xx_it.o
    0x08001a04   0x08001a04   0x00000154   Code   RO          417    i.Oled_Refresh_tack  oled.o
    0x08001b58   0x08001b58   0x00000008   Code   RO          418    i.Oled_show_tack    oled.o
    0x08001b60   0x08001b60   0x00000040   Code   RO          419    i.Refresh_Gram      oled.o
    0x08001ba0   0x08001ba0   0x0000002c   Code   RO          420    i.Set_Pos           oled.o
    0x08001bcc   0x08001bcc   0x00000018   Code   RO          328    i.SysTick_Handler   stm32f4xx_it.o
    0x08001be4   0x08001be4   0x00000094   Code   RO            5    i.SystemClock_Config  main.o
    0x08001c78   0x08001c78   0x00000010   Code   RO         2224    i.SystemInit        system_stm32f4xx.o
    0x08001c88   0x08001c88   0x00000002   Code   RO          329    i.UsageFault_Handler  stm32f4xx_it.o
    0x08001c8a   0x08001c8a   0x00000020   Code   RO         1322    i.__NVIC_SetPriority  stm32f4xx_hal_cortex.o
    0x08001caa   0x08001caa   0x00000002   PAD
    0x08001cac   0x08001cac   0x00000058   Code   RO          421    i.control_init      oled.o
    0x08001d04   0x08001d04   0x0000003c   Code   RO          422    i.fill              oled.o
    0x08001d40   0x08001d40   0x0000001e   Code   RO            6    i.main              main.o
    0x08001d5e   0x08001d5e   0x0000000c   Code   RO         3294    i.makeFreeRtosPriority  cmsis_os.o
    0x08001d6a   0x08001d6a   0x00000002   PAD
    0x08001d6c   0x08001d6c   0x00000050   Code   RO          423    i.oled_init         oled.o
    0x08001dbc   0x08001dbc   0x00000010   Code   RO         3296    i.osDelay           cmsis_os.o
    0x08001dcc   0x08001dcc   0x0000000a   Code   RO         3299    i.osKernelStart     cmsis_os.o
    0x08001dd6   0x08001dd6   0x00000058   Code   RO         3333    i.osThreadCreate    cmsis_os.o
    0x08001e2e   0x08001e2e   0x00000002   PAD
    0x08001e30   0x08001e30   0x00000078   Code   RO         2762    i.prvAddCurrentTaskToDelayedList  tasks.o
    0x08001ea8   0x08001ea8   0x00000088   Code   RO         2763    i.prvAddNewTaskToReadyList  tasks.o
    0x08001f30   0x08001f30   0x00000058   Code   RO         3126    i.prvCheckForValidListAndQueue  timers.o
    0x08001f88   0x08001f88   0x0000003c   Code   RO         2764    i.prvCheckTasksWaitingTermination  tasks.o
    0x08001fc4   0x08001fc4   0x00000028   Code   RO         2409    i.prvCopyDataFromQueue  queue.o
    0x08001fec   0x08001fec   0x0000006e   Code   RO         2410    i.prvCopyDataToQueue  queue.o
    0x0800205a   0x0800205a   0x00000040   Code   RO         2765    i.prvDeleteTCB      tasks.o
    0x0800209a   0x0800209a   0x00000002   PAD
    0x0800209c   0x0800209c   0x00000024   Code   RO         3127    i.prvGetNextExpireTime  timers.o
    0x080020c0   0x080020c0   0x0000004c   Code   RO         3673    i.prvHeapInit       heap_4.o
    0x0800210c   0x0800210c   0x00000028   Code   RO         2766    i.prvIdleTask       tasks.o
    0x08002134   0x08002134   0x00000018   Code   RO         2413    i.prvInitialiseNewQueue  queue.o
    0x0800214c   0x0800214c   0x000000ac   Code   RO         2767    i.prvInitialiseNewTask  tasks.o
    0x080021f8   0x080021f8   0x00000058   Code   RO         2768    i.prvInitialiseTaskLists  tasks.o
    0x08002250   0x08002250   0x00000054   Code   RO         3674    i.prvInsertBlockIntoFreeList  heap_4.o
    0x080022a4   0x080022a4   0x00000040   Code   RO         3129    i.prvInsertTimerInActiveList  timers.o
    0x080022e4   0x080022e4   0x0000001a   Code   RO         2414    i.prvIsQueueEmpty   queue.o
    0x080022fe   0x080022fe   0x0000001e   Code   RO         2415    i.prvIsQueueFull    queue.o
    0x0800231c   0x0800231c   0x00000068   Code   RO         3130    i.prvProcessExpiredTimer  timers.o
    0x08002384   0x08002384   0x000000fc   Code   RO         3131    i.prvProcessReceivedCommands  timers.o
    0x08002480   0x08002480   0x0000006c   Code   RO         3132    i.prvProcessTimerOrBlockTask  timers.o
    0x080024ec   0x080024ec   0x00000024   Code   RO         2769    i.prvResetNextTaskUnblockTime  tasks.o
    0x08002510   0x08002510   0x0000002c   Code   RO         3133    i.prvSampleTimeNow  timers.o
    0x0800253c   0x0800253c   0x00000070   Code   RO         3134    i.prvSwitchTimerLists  timers.o
    0x080025ac   0x080025ac   0x0000002c   Code   RO         3729    i.prvTaskExitError  port.o
    0x080025d8   0x080025d8   0x00000014   Code   RO         3135    i.prvTimerTask      timers.o
    0x080025ec   0x080025ec   0x0000006a   Code   RO         2416    i.prvUnlockQueue    queue.o
    0x08002656   0x08002656   0x00000002   PAD
    0x08002658   0x08002658   0x000000dc   Code   RO         3675    i.pvPortMalloc      heap_4.o
    0x08002734   0x08002734   0x00000024   Code   RO         3730    i.pxPortInitialiseStack  port.o
    0x08002758   0x08002758   0x00000098   Code   RO          424    i.rotate            oled.o
    0x080027f0   0x080027f0   0x00000020   Code   RO          226    i.test_tack         freertos.o
    0x08002810   0x08002810   0x00000026   Code   RO         2369    i.uxListRemove      list.o
    0x08002836   0x08002836   0x00000002   PAD
    0x08002838   0x08002838   0x00000014   Code   RO          227    i.vApplicationGetIdleTaskMemory  freertos.o
    0x0800284c   0x0800284c   0x00000018   Code   RO          228    i.vApplicationGetTimerTaskMemory  freertos.o
    0x08002864   0x08002864   0x00000016   Code   RO         2370    i.vListInitialise   list.o
    0x0800287a   0x0800287a   0x00000006   Code   RO         2371    i.vListInitialiseItem  list.o
    0x08002880   0x08002880   0x00000030   Code   RO         2372    i.vListInsert       list.o
    0x080028b0   0x080028b0   0x00000018   Code   RO         2373    i.vListInsertEnd    list.o
    0x080028c8   0x080028c8   0x00000040   Code   RO         3732    i.vPortEnterCritical  port.o
    0x08002908   0x08002908   0x0000002c   Code   RO         3733    i.vPortExitCritical  port.o
    0x08002934   0x08002934   0x00000064   Code   RO         3676    i.vPortFree         heap_4.o
    0x08002998   0x08002998   0x00000024   Code   RO         3734    i.vPortSetupTimerInterrupt  port.o
    0x080029bc   0x080029bc   0x00000054   Code   RO         3735    i.vPortValidateInterruptPriority  port.o
    0x08002a10   0x08002a10   0x00000024   Code   RO         2420    i.vQueueAddToRegistry  queue.o
    0x08002a34   0x08002a34   0x00000046   Code   RO         2423    i.vQueueWaitForMessageRestricted  queue.o
    0x08002a7a   0x08002a7a   0x00000002   PAD
    0x08002a7c   0x08002a7c   0x00000050   Code   RO         2781    i.vTaskDelay        tasks.o
    0x08002acc   0x08002acc   0x00000010   Code   RO         2785    i.vTaskInternalSetTimeOutState  tasks.o
    0x08002adc   0x08002adc   0x0000000c   Code   RO         2786    i.vTaskMissedYield  tasks.o
    0x08002ae8   0x08002ae8   0x00000034   Code   RO         2788    i.vTaskPlaceOnEventList  tasks.o
    0x08002b1c   0x08002b1c   0x0000003c   Code   RO         2789    i.vTaskPlaceOnEventListRestricted  tasks.o
    0x08002b58   0x08002b58   0x00000090   Code   RO         2796    i.vTaskStartScheduler  tasks.o
    0x08002be8   0x08002be8   0x00000010   Code   RO         2798    i.vTaskSuspendAll   tasks.o
    0x08002bf8   0x08002bf8   0x00000060   Code   RO         2799    i.vTaskSwitchContext  tasks.o
    0x08002c58   0x08002c58   0x000000f4   Code   RO         3736    i.xPortStartScheduler  port.o
    0x08002d4c   0x08002d4c   0x0000002c   Code   RO         3737    i.xPortSysTickHandler  port.o
    0x08002d78   0x08002d78   0x0000006c   Code   RO         2427    i.xQueueGenericCreateStatic  queue.o
    0x08002de4   0x08002de4   0x0000008c   Code   RO         2428    i.xQueueGenericReset  queue.o
    0x08002e70   0x08002e70   0x00000164   Code   RO         2429    i.xQueueGenericSend  queue.o
    0x08002fd4   0x08002fd4   0x000000c0   Code   RO         2430    i.xQueueGenericSendFromISR  queue.o
    0x08003094   0x08003094   0x0000013c   Code   RO         2438    i.xQueueReceive     queue.o
    0x080031d0   0x080031d0   0x00000090   Code   RO         2802    i.xTaskCheckForTimeOut  tasks.o
    0x08003260   0x08003260   0x00000064   Code   RO         2803    i.xTaskCreate       tasks.o
    0x080032c4   0x080032c4   0x0000005c   Code   RO         2804    i.xTaskCreateStatic  tasks.o
    0x08003320   0x08003320   0x0000001c   Code   RO         2809    i.xTaskGetSchedulerState  tasks.o
    0x0800333c   0x0800333c   0x0000000c   Code   RO         2810    i.xTaskGetTickCount  tasks.o
    0x08003348   0x08003348   0x000000d0   Code   RO         2812    i.xTaskIncrementTick  tasks.o
    0x08003418   0x08003418   0x00000098   Code   RO         2815    i.xTaskPriorityDisinherit  tasks.o
    0x080034b0   0x080034b0   0x0000007c   Code   RO         2817    i.xTaskRemoveFromEventList  tasks.o
    0x0800352c   0x0800352c   0x000000cc   Code   RO         2818    i.xTaskResumeAll    tasks.o
    0x080035f8   0x080035f8   0x00000068   Code   RO         3142    i.xTimerCreateTimerTask  timers.o
    0x08003660   0x08003660   0x0000006c   Code   RO         3143    i.xTimerGenericCommand  timers.o
    0x080036cc   0x080036cc   0x0000000a   Code   RO         4090    x$fpl$fpinit        g_wm.l(fpinit.o)
    0x080036d6   0x080036d6   0x00000002   PAD
    0x080036d8   0x080036d8   0x00000054   Data   RO          230    .constdata          freertos.o
    0x0800372c   0x0800372c   0x000000c0   Data   RO          426    .constdata          oled.o
    0x080037ec   0x080037ec   0x00000010   Data   RO         2225    .constdata          system_stm32f4xx.o
    0x080037fc   0x080037fc   0x00000008   Data   RO         2226    .constdata          system_stm32f4xx.o
    0x08003804   0x08003804   0x00000804   Data   RO         3938    .constdata          arm_cortexM4lf_math.lib(arm_common_tables.o)
    0x08004008   0x08004008   0x00000022   Data   RO          231    .conststring        freertos.o
    0x0800402a   0x0800402a   0x00000002   PAD
    0x0800402c   0x0800402c   0x00000020   Data   RO         4148    Region$$Table       anon$$obj.o


    Execution Region RW_IRAM1 (Exec base: 0x20000000, Load base: 0x0800404c, Size: 0x00004e60, Max: 0x0001c000, ABSOLUTE)

    Exec Addr    Load Addr    Size         Type   Attr      Idx    E Section Name        Object

    0x20000000   0x0800404c   0x0000000c   Data   RW          232    .data               freertos.o
    0x2000000c   0x08004058   0x0000000c   Data   RW         1466    .data               stm32f4xx_hal.o
    0x20000018   0x08004064   0x00000004   Data   RW         2227    .data               system_stm32f4xx.o
    0x2000001c   0x08004068   0x0000003c   Data   RW         2821    .data               tasks.o
    0x20000058   0x080040a4   0x00000014   Data   RW         3151    .data               timers.o
    0x2000006c   0x080040b8   0x00000020   Data   RW         3682    .data               heap_4.o
    0x2000008c   0x080040d8   0x0000000c   Data   RW         3738    .data               port.o
    0x20000098        -       0x000006a8   Zero   RW          229    .bss                freertos.o
    0x20000740        -       0x00000054   Zero   RW          284    .bss                i2c.o
    0x20000794        -       0x00000228   Zero   RW          425    .bss                oled.o
    0x200009bc        -       0x00000040   Zero   RW         2441    .bss                queue.o
    0x200009fc        -       0x000000f0   Zero   RW         2820    .bss                tasks.o
    0x20000aec        -       0x00000110   Zero   RW         3150    .bss                timers.o
    0x20000bfc        -       0x00003c00   Zero   RW         3681    .bss                heap_4.o
    0x200047fc        -       0x00000060   Zero   RW         4020    .bss                c_w.l(libspace.o)
    0x2000485c   0x080040e4   0x00000004   PAD
    0x20004860        -       0x00000200   Zero   RW         2259    HEAP                startup_stm32f407xx.o
    0x20004a60        -       0x00000400   Zero   RW         2258    STACK               startup_stm32f407xx.o


    Execution Region RW_IRAM2 (Exec base: 0x2001c000, Load base: 0x080040e4, Size: 0x00000000, Max: 0x00004000, ABSOLUTE)

    **** No section assigned to this execution region ****


==============================================================================

Image component sizes


      Code (inc. data)   RO Data    RW Data    ZI Data      Debug   Object Name

       126          0          0          0          0      22899   cmsis_os.o
         0          0          0          0          0      19708   event_groups.o
       160         26        118         12       1704       3410   freertos.o
       128          8          0          0          0        951   gpio.o
       480         26          0         32      15360       4991   heap_4.o
       172         28          0          0         84       1665   i2c.o
       138          0          0          0          0       3558   list.o
       182         10          0          0          0     690312   main.o
      1500        146        192          0        552      11253   oled.o
       786         84          0         12          0      11901   port.o
      1554         20          0          0         64      17588   queue.o
        64         26        392          0       1536        808   startup_stm32f407xx.o
       184         28          0         12          0       9393   stm32f4xx_hal.o
       172         14          0          0          0      33362   stm32f4xx_hal_cortex.o
       494         44          0          0          0       2933   stm32f4xx_hal_gpio.o
      1420         28          0          0          0       8635   stm32f4xx_hal_i2c.o
        56          4          0          0          0        850   stm32f4xx_hal_msp.o
      1440         66          0          0          0       5737   stm32f4xx_hal_rcc.o
        58          6          0          0          0       3319   stm32f4xx_it.o
         0          0          0          0          0        424   stream_buffer.o
        16          4         24          4          0       1115   system_stm32f4xx.o
      2256        172          0         60        240      28038   tasks.o
      1040         88          0         20        272      30827   timers.o

    ----------------------------------------------------------------------
     12450        828        760        152      19812     913677   Object Totals
         0          0         32          0          0          0   (incl. Generated)
        24          0          2          0          0          0   (incl. Padding)

    ----------------------------------------------------------------------

      Code (inc. data)   RO Data    RW Data    ZI Data      Debug   Library Member Name

         0          0       2052          0          0       4704   arm_common_tables.o
       120         12          0          0          0      17170   arm_cos_f32.o
       148         18          0          0          0        814   arm_sin_f32.o
         8          0          0          0          0         68   __main.o
         0          0          0          0          0          0   __rtentry.o
        12          0          0          0          0          0   __rtentry2.o
         6          0          0          0          0          0   __rtentry4.o
        52          8          0          0          0          0   __scatter.o
        26          0          0          0          0          0   __scatter_copy.o
        28          0          0          0          0          0   __scatter_zi.o
        16          0          0          0          0         68   aeabi_memset.o
        18          0          0          0          0         80   exit.o
         6          0          0          0          0        152   heapauxi.o
         0          0          0          0          0          0   indicate_semi.o
         2          0          0          0          0          0   libinit.o
         6          0          0          0          0          0   libinit2.o
         2          0          0          0          0          0   libshutdown.o
         2          0          0          0          0          0   libshutdown2.o
         8          4          0          0         96         68   libspace.o
       238          0          0          0          0        100   lludivv7m.o
        68          0          0          0          0         68   rt_memclr.o
        78          0          0          0          0         80   rt_memclr_w.o
       138          0          0          0          0         68   rt_memcpy_v6.o
       100          0          0          0          0         80   rt_memcpy_w.o
         2          0          0          0          0          0   rtexit.o
        10          0          0          0          0          0   rtexit2.o
        12          4          0          0          0         68   sys_exit.o
        74          0          0          0          0         80   sys_stackheap_outer.o
         2          0          0          0          0         68   use_no_semi.o
        10          0          0          0          0        116   fpinit.o

    ----------------------------------------------------------------------
      1198         46       2052          0        100      23852   Library Totals
         6          0          0          0          4          0   (incl. Padding)

    ----------------------------------------------------------------------

      Code (inc. data)   RO Data    RW Data    ZI Data      Debug   Library Name

       268         30       2052          0          0      22688   arm_cortexM4lf_math.lib
       914         16          0          0         96       1048   c_w.l
        10          0          0          0          0        116   g_wm.l

    ----------------------------------------------------------------------
      1198         46       2052          0        100      23852   Library Totals

    ----------------------------------------------------------------------

==============================================================================


      Code (inc. data)   RO Data    RW Data    ZI Data      Debug   

     13648        874       2812        152      19912     924561   Grand Totals
     13648        874       2812        152      19912     924561   ELF Image Totals
     13648        874       2812        152          0          0   ROM Totals

==============================================================================

    Total RO  Size (Code + RO Data)                16460 (  16.07kB)
    Total RW  Size (RW Data + ZI Data)             20064 (  19.59kB)
    Total ROM Size (Code + RO Data + RW Data)      16612 (  16.22kB)

==============================================================================

